******************************************************************************
                  TI ARM Linker PC v5.2.6                      
******************************************************************************
>> Linked Fri Jan 08 13:24:09 2016

OUTPUT FILE NAME:   <Irrigation_System.out>
ENTRY POINT SYMBOL: "_c_int00"  address: 0001a2ad


MEMORY CONFIGURATION

         name            origin    length      used     unused   attr    fill
----------------------  --------  ---------  --------  --------  ----  --------
  FLASH                 00000000   00100000  0001cdc4  000e323c  R  X
  SRAM                  20000000   00040000  00005100  0003af00  RW X


SEGMENT ALLOCATION MAP

run origin  load origin   length   init length attrs members
----------  ----------- ---------- ----------- ----- -------
00000000    00000000    0001cdd0   0001cdd0    r-x
  00000000    00000000    0000003c   0000003c    r-- .resetVecs
  0000003c    0000003c    00012cce   00012cce    r-- .const
  00012d10    00012d10    0000947a   0000947a    r-x .text
  0001c190    0001c190    00000c40   00000c40    r-- .cinit
20000000    20000000    00000360   00000000    rw-
  20000000    20000000    00000360   00000000    rw- .vecs
20000380    20000380    00004da0   00000000    rw-
  20000380    20000380    00003930   00000000    rw- .bss
  20003cb0    20003cb0    00001170   00000000    rw- .data
  20004e20    20004e20    00000300   00000000    rw- .stack


SECTION ALLOCATION MAP

 output                                  attributes/
section   page    origin      length       input sections
--------  ----  ----------  ----------   ----------------
.resetVecs 
*          0    00000000    0000003c     
                  00000000    0000003c     empty_pem4f.oem4f (.resetVecs)

.const     0    0000003c    00012cce     
                  0000003c    000020d4     PIS_UI_Images.obj (.const:.string:g_pui8Plant1IconLarge)
                  00002110    000020d4     PIS_UI_Images.obj (.const:.string:g_pui8Plant2IconLarge)
                  000041e4    000020d4     PIS_UI_Images.obj (.const:.string:g_pui8Plant3IconLarge)
                  000062b8    000020d4     PIS_UI_Images.obj (.const:.string:g_pui8Plant4IconLarge)
                  0000838c    00001f47     empty_pem4f.oem4f (.const:xdc_runtime_Text_charTab__A)
                  0000a2d3    00000bee     PIS_UI_Images.obj (.const:.string:g_pui8Plant1Icon)
                  0000aec1    00000bee     PIS_UI_Images.obj (.const:.string:g_pui8Plant1IconGray)
                  0000baaf    00000bee     PIS_UI_Images.obj (.const:.string:g_pui8Plant2Icon)
                  0000c69d    00000bee     PIS_UI_Images.obj (.const:.string:g_pui8Plant2IconGray)
                  0000d28b    00000bee     PIS_UI_Images.obj (.const:.string:g_pui8Plant3Icon)
                  0000de79    00000bee     PIS_UI_Images.obj (.const:.string:g_pui8Plant3IconGray)
                  0000ea67    00000bee     PIS_UI_Images.obj (.const:.string:g_pui8Plant4Icon)
                  0000f655    00000bee     PIS_UI_Images.obj (.const:.string:g_pui8Plant4IconGray)
                  00010243    00000960     grlib.lib : fontcm22.obj (.const:.string:g_pui8Cm22Data)
                  00010ba3    00000759               : fontcm16.obj (.const:.string:g_pui8Cm16Data)
                  000112fc    0000055f               : fontcm12.obj (.const:.string:g_pui8Cm12Data)
                  0001185b    00000324     PIS_UI_Images.obj (.const:.string:g_pui8PlantCalibrateIcon)
                  00011b7f    00000324     PIS_UI_Images.obj (.const:.string:g_pui8PlantIrrigateIcon)
                  00011ea3    00000001     empty_pem4f.oem4f (.const:xdc_runtime_Error_policy__C)
                  00011ea4    00000120     Boot.aem4f : Boot_sysctl.oem4f (.const:g_pppui32XTALtoVCO)
                  00011fc4    00000120     driverlib.lib : sysctl.obj (.const:g_pppui32XTALtoVCO)
                  000120e4    00000100     empty_pem4f.oem4f (.const:xdc_runtime_Text_nodeTab__A)
                  000121e4    000000c8     grlib.lib : fontcm12.obj (.const:g_sFontCm12)
                  000122ac    000000c8               : fontcm16.obj (.const:g_sFontCm16)
                  00012374    000000c8               : fontcm22.obj (.const:g_sFontCm22)
                  0001243c    00000090     driverlib.lib : gpio.obj (.const:g_pui32GPIOBaseAddrs)
                  000124cc    0000007c     main.obj (.const:.string)
                  00012548    00000070     driverlib.lib : interrupt.obj (.const)
                  000125b8    0000006c     Boot.aem4f : Boot_sysctl.oem4f (.const:g_pui32Xtals)
                  00012624    0000006c     driverlib.lib : sysctl.obj (.const:g_pui32Xtals)
                  00012690    00000060     empty_pem4f.oem4f (.const:ti_uia_loggers_LoggerStopMode_Module__FXNS__C)
                  000126f0    00000048     empty_pem4f.oem4f (.const:.string)
                  00012738    00000030     Boot.aem4f : Boot_sysctl.oem4f (.const:g_sXTALtoMEMTIM)
                  00012768    00000030     driverlib.lib : sysctl.obj (.const:g_sXTALtoMEMTIM)
                  00012798    00000028     Kentec320x240x16_ssd2119_spi.obj (.const:g_sKentec320x240x16_SSD2119)
                  000127c0    00000028     empty_pem4f.oem4f (.const:ti_sysbios_heaps_HeapMem_Module__FXNS__C)
                  000127e8    00000028     empty_pem4f.oem4f (.const:ti_uia_loggers_LoggerStopMode_Object__PARAMS__C)
                  00012810    00000028     empty_pem4f.oem4f (.const:xdc_runtime_Startup_sfxnTab__A)
                  00012838    00000024     empty_pem4f.oem4f (.const:ti_sysbios_gates_GateHwi_Module__FXNS__C)
                  0001285c    00000024     empty_pem4f.oem4f (.const:ti_sysbios_gates_GateMutex_Module__FXNS__C)
                  00012880    00000024     empty_pem4f.oem4f (.const:ti_sysbios_heaps_HeapMem_Object__PARAMS__C)
                  000128a4    00000024     empty_pem4f.oem4f (.const:ti_sysbios_knl_Semaphore_Object__PARAMS__C)
                  000128c8    00000020     empty_pem4f.oem4f (.const:ti_sysbios_gates_GateHwi_Object__DESC__C)
                  000128e8    00000020     empty_pem4f.oem4f (.const:ti_sysbios_gates_GateMutex_Object__DESC__C)
                  00012908    00000020     empty_pem4f.oem4f (.const:ti_sysbios_heaps_HeapMem_Object__DESC__C)
                  00012928    00000020     empty_pem4f.oem4f (.const:ti_sysbios_knl_Queue_Object__DESC__C)
                  00012948    00000020     empty_pem4f.oem4f (.const:ti_sysbios_knl_Semaphore_Object__DESC__C)
                  00012968    00000020     empty_pem4f.oem4f (.const:ti_uia_loggers_LoggerStopMode_Object__DESC__C)
                  00012988    0000001c     Kentec320x240x16_touch_tm4c1294xl.obj (.const)
                  000129a4    00000018     empty_pem4f.oem4f (.const:ti_sysbios_gates_GateHwi_Object__PARAMS__C)
                  000129bc    00000018     empty_pem4f.oem4f (.const:ti_sysbios_gates_GateMutex_Object__PARAMS__C)
                  000129d4    00000018     empty_pem4f.oem4f (.const:ti_sysbios_knl_Queue_Object__PARAMS__C)
                  000129ec    00000014     empty_pem4f.oem4f (.const:xdc_runtime_Startup_firstFxns__A)
                  00012a00    00000014     empty_pem4f.oem4f (.const:xdc_runtime_Startup_sfxnRts__A)
                  00012a14    00000011     ti.targets.arm.rtsarm.aem4f : System.oem4f (.const:.string)
                  00012a25    00000001     --HOLE-- [fill = 0]
                  00012a26    00000002     empty_pem4f.oem4f (.const:ti_catalog_arm_cortexm4_tiva_ce_Boot_Module__id__C)
                  00012a28    00000010     grlib.lib : context.obj (.const)
                  00012a38    00000008     Boot.aem4f : Boot_sysctl.oem4f (.const)
                  00012a40    00000008     driverlib.lib : sysctl.obj (.const)
                  00012a48    00000008     empty_pem4f.oem4f (.const:ti_sysbios_family_arm_m3_Hwi_excHookFuncs__A)
                  00012a50    00000008     empty_pem4f.oem4f (.const:ti_sysbios_knl_Idle_funcList__A)
                  00012a58    00000008     empty_pem4f.oem4f (.const:ti_sysbios_knl_Idle_funcList__C)
                  00012a60    00000008     empty_pem4f.oem4f (.const:xdc_runtime_Startup_firstFxns__C)
                  00012a68    00000008     empty_pem4f.oem4f (.const:xdc_runtime_Startup_lastFxns__C)
                  00012a70    00000004     empty_pem4f.oem4f (.const:ti_catalog_arm_cortexm4_tiva_ce_Boot_A_mustNotUseEnhancedClockMode__C)
                  00012a74    00000004     empty_pem4f.oem4f (.const:ti_catalog_arm_cortexm4_tiva_ce_Boot_Module__diagsEnabled__C)
                  00012a78    00000004     empty_pem4f.oem4f (.const:ti_catalog_arm_cortexm4_tiva_ce_Boot_Module__diagsIncluded__C)
                  00012a7c    00000004     empty_pem4f.oem4f (.const:ti_catalog_arm_cortexm4_tiva_ce_Boot_Module__diagsMask__C)
                  00012a80    00000004     empty_pem4f.oem4f (.const:ti_sysbios_family_arm_lm4_Timer_enableFunc__C)
                  00012a84    00000004     empty_pem4f.oem4f (.const:ti_sysbios_family_arm_lm4_Timer_numTimerDevices__C)
                  00012a88    00000004     empty_pem4f.oem4f (.const:ti_sysbios_family_arm_lm4_Timer_startupNeeded__C)
                  00012a8c    00000004     empty_pem4f.oem4f (.const:ti_sysbios_family_arm_m3_Hwi_E_NMI__C)
                  00012a90    00000004     empty_pem4f.oem4f (.const:ti_sysbios_family_arm_m3_Hwi_E_busFault__C)
                  00012a94    00000004     empty_pem4f.oem4f (.const:ti_sysbios_family_arm_m3_Hwi_E_debugMon__C)
                  00012a98    00000004     empty_pem4f.oem4f (.const:ti_sysbios_family_arm_m3_Hwi_E_hardFault__C)
                  00012a9c    00000004     empty_pem4f.oem4f (.const:ti_sysbios_family_arm_m3_Hwi_E_memFault__C)
                  00012aa0    00000004     empty_pem4f.oem4f (.const:ti_sysbios_family_arm_m3_Hwi_E_noIsr__C)
                  00012aa4    00000004     empty_pem4f.oem4f (.const:ti_sysbios_family_arm_m3_Hwi_E_reserved__C)
                  00012aa8    00000004     empty_pem4f.oem4f (.const:ti_sysbios_family_arm_m3_Hwi_E_svCall__C)
                  00012aac    00000004     empty_pem4f.oem4f (.const:ti_sysbios_family_arm_m3_Hwi_E_usageFault__C)
                  00012ab0    00000004     empty_pem4f.oem4f (.const:ti_sysbios_family_arm_m3_Hwi_LD_end__C)
                  00012ab4    00000004     empty_pem4f.oem4f (.const:ti_sysbios_family_arm_m3_Hwi_LM_begin__C)
                  00012ab8    00000004     empty_pem4f.oem4f (.const:ti_sysbios_family_arm_m3_Hwi_Module__diagsEnabled__C)
                  00012abc    00000004     empty_pem4f.oem4f (.const:ti_sysbios_family_arm_m3_Hwi_Module__diagsIncluded__C)
                  00012ac0    00000004     empty_pem4f.oem4f (.const:ti_sysbios_family_arm_m3_Hwi_Module__diagsMask__C)
                  00012ac4    00000004     empty_pem4f.oem4f (.const:ti_sysbios_family_arm_m3_Hwi_Module__loggerFxn1__C)
                  00012ac8    00000004     empty_pem4f.oem4f (.const:ti_sysbios_family_arm_m3_Hwi_Module__loggerFxn8__C)
                  00012acc    00000004     empty_pem4f.oem4f (.const:ti_sysbios_family_arm_m3_Hwi_Module__loggerObj__C)
                  00012ad0    00000004     empty_pem4f.oem4f (.const:ti_sysbios_family_arm_m3_Hwi_NUM_INTERRUPTS__C)
                  00012ad4    00000004     empty_pem4f.oem4f (.const:ti_sysbios_family_arm_m3_Hwi_Object__count__C)
                  00012ad8    00000004     empty_pem4f.oem4f (.const:ti_sysbios_family_arm_m3_Hwi_ccr__C)
                  00012adc    00000004     empty_pem4f.oem4f (.const:ti_sysbios_family_arm_m3_Hwi_excHandlerFunc__C)
                  00012ae0    00000004     empty_pem4f.oem4f (.const:ti_sysbios_family_arm_m3_Hwi_excHookFuncs__C)
                  00012ae4    00000004     empty_pem4f.oem4f (.const:ti_sysbios_family_arm_m3_Hwi_nullIsrFunc__C)
                  00012ae8    00000004     empty_pem4f.oem4f (.const:ti_sysbios_family_arm_m3_Hwi_priGroup__C)
                  00012aec    00000004     empty_pem4f.oem4f (.const:ti_sysbios_gates_GateMutex_A_badContext__C)
                  00012af0    00000004     empty_pem4f.oem4f (.const:ti_sysbios_gates_GateMutex_Instance_State_sem__O)
                  00012af4    00000004     empty_pem4f.oem4f (.const:ti_sysbios_gates_GateMutex_Module__diagsEnabled__C)
                  00012af8    00000004     empty_pem4f.oem4f (.const:ti_sysbios_gates_GateMutex_Module__diagsIncluded__C)
                  00012afc    00000004     empty_pem4f.oem4f (.const:ti_sysbios_gates_GateMutex_Module__diagsMask__C)
                  00012b00    00000004     empty_pem4f.oem4f (.const:ti_sysbios_hal_Hwi_E_stackOverflow__C)
                  00012b04    00000004     empty_pem4f.oem4f (.const:ti_sysbios_heaps_HeapMem_A_align__C)
                  00012b08    00000004     empty_pem4f.oem4f (.const:ti_sysbios_heaps_HeapMem_A_heapSize__C)
                  00012b0c    00000004     empty_pem4f.oem4f (.const:ti_sysbios_heaps_HeapMem_A_invalidFree__C)
                  00012b10    00000004     empty_pem4f.oem4f (.const:ti_sysbios_heaps_HeapMem_A_zeroBlock__C)
                  00012b14    00000004     empty_pem4f.oem4f (.const:ti_sysbios_heaps_HeapMem_E_memory__C)
                  00012b18    00000004     empty_pem4f.oem4f (.const:ti_sysbios_heaps_HeapMem_Module__diagsEnabled__C)
                  00012b1c    00000004     empty_pem4f.oem4f (.const:ti_sysbios_heaps_HeapMem_Module__diagsIncluded__C)
                  00012b20    00000004     empty_pem4f.oem4f (.const:ti_sysbios_heaps_HeapMem_Module__diagsMask__C)
                  00012b24    00000004     empty_pem4f.oem4f (.const:ti_sysbios_heaps_HeapMem_Module__gateObj__C)
                  00012b28    00000004     empty_pem4f.oem4f (.const:ti_sysbios_heaps_HeapMem_Object__count__C)
                  00012b2c    00000004     empty_pem4f.oem4f (.const:ti_sysbios_heaps_HeapMem_reqAlign__C)
                  00012b30    00000004     empty_pem4f.oem4f (.const:ti_sysbios_knl_Clock_LM_begin__C)
                  00012b34    00000004     empty_pem4f.oem4f (.const:ti_sysbios_knl_Clock_LM_tick__C)
                  00012b38    00000004     empty_pem4f.oem4f (.const:ti_sysbios_knl_Clock_LW_delayed__C)
                  00012b3c    00000004     empty_pem4f.oem4f (.const:ti_sysbios_knl_Clock_Module_State_clockQ__O)
                  00012b40    00000004     empty_pem4f.oem4f (.const:ti_sysbios_knl_Clock_Module__diagsEnabled__C)
                  00012b44    00000004     empty_pem4f.oem4f (.const:ti_sysbios_knl_Clock_Module__diagsIncluded__C)
                  00012b48    00000004     empty_pem4f.oem4f (.const:ti_sysbios_knl_Clock_Module__diagsMask__C)
                  00012b4c    00000004     empty_pem4f.oem4f (.const:ti_sysbios_knl_Clock_Module__loggerFxn1__C)
                  00012b50    00000004     empty_pem4f.oem4f (.const:ti_sysbios_knl_Clock_Module__loggerFxn2__C)
                  00012b54    00000004     empty_pem4f.oem4f (.const:ti_sysbios_knl_Clock_Module__loggerObj__C)
                  00012b58    00000004     empty_pem4f.oem4f (.const:ti_sysbios_knl_Semaphore_A_badContext__C)
                  00012b5c    00000004     empty_pem4f.oem4f (.const:ti_sysbios_knl_Semaphore_A_noEvents__C)
                  00012b60    00000004     empty_pem4f.oem4f (.const:ti_sysbios_knl_Semaphore_A_overflow__C)
                  00012b64    00000004     empty_pem4f.oem4f (.const:ti_sysbios_knl_Semaphore_A_pendTaskDisabled__C)
                  00012b68    00000004     empty_pem4f.oem4f (.const:ti_sysbios_knl_Semaphore_Instance_State_pendQ__O)
                  00012b6c    00000004     empty_pem4f.oem4f (.const:ti_sysbios_knl_Semaphore_LM_pend__C)
                  00012b70    00000004     empty_pem4f.oem4f (.const:ti_sysbios_knl_Semaphore_LM_post__C)
                  00012b74    00000004     empty_pem4f.oem4f (.const:ti_sysbios_knl_Semaphore_Module__diagsEnabled__C)
                  00012b78    00000004     empty_pem4f.oem4f (.const:ti_sysbios_knl_Semaphore_Module__diagsIncluded__C)
                  00012b7c    00000004     empty_pem4f.oem4f (.const:ti_sysbios_knl_Semaphore_Module__diagsMask__C)
                  00012b80    00000004     empty_pem4f.oem4f (.const:ti_sysbios_knl_Semaphore_Module__loggerFxn2__C)
                  00012b84    00000004     empty_pem4f.oem4f (.const:ti_sysbios_knl_Semaphore_Module__loggerFxn4__C)
                  00012b88    00000004     empty_pem4f.oem4f (.const:ti_sysbios_knl_Semaphore_Module__loggerObj__C)
                  00012b8c    00000004     empty_pem4f.oem4f (.const:ti_sysbios_knl_Swi_LD_end__C)
                  00012b90    00000004     empty_pem4f.oem4f (.const:ti_sysbios_knl_Swi_LM_begin__C)
                  00012b94    00000004     empty_pem4f.oem4f (.const:ti_sysbios_knl_Swi_LM_post__C)
                  00012b98    00000004     empty_pem4f.oem4f (.const:ti_sysbios_knl_Swi_Module__diagsEnabled__C)
                  00012b9c    00000004     empty_pem4f.oem4f (.const:ti_sysbios_knl_Swi_Module__diagsIncluded__C)
                  00012ba0    00000004     empty_pem4f.oem4f (.const:ti_sysbios_knl_Swi_Module__diagsMask__C)
                  00012ba4    00000004     empty_pem4f.oem4f (.const:ti_sysbios_knl_Swi_Module__loggerFxn1__C)
                  00012ba8    00000004     empty_pem4f.oem4f (.const:ti_sysbios_knl_Swi_Module__loggerFxn4__C)
                  00012bac    00000004     empty_pem4f.oem4f (.const:ti_sysbios_knl_Swi_Module__loggerObj__C)
                  00012bb0    00000004     empty_pem4f.oem4f (.const:ti_sysbios_knl_Swi_Object__count__C)
                  00012bb4    00000004     empty_pem4f.oem4f (.const:ti_sysbios_knl_Task_A_badTimeout__C)
                  00012bb8    00000004     empty_pem4f.oem4f (.const:ti_sysbios_knl_Task_A_sleepTaskDisabled__C)
                  00012bbc    00000004     empty_pem4f.oem4f (.const:ti_sysbios_knl_Task_E_spOutOfBounds__C)
                  00012bc0    00000004     empty_pem4f.oem4f (.const:ti_sysbios_knl_Task_E_stackOverflow__C)
                  00012bc4    00000004     empty_pem4f.oem4f (.const:ti_sysbios_knl_Task_LD_block__C)
                  00012bc8    00000004     empty_pem4f.oem4f (.const:ti_sysbios_knl_Task_LD_exit__C)
                  00012bcc    00000004     empty_pem4f.oem4f (.const:ti_sysbios_knl_Task_LD_ready__C)
                  00012bd0    00000004     empty_pem4f.oem4f (.const:ti_sysbios_knl_Task_LM_sleep__C)
                  00012bd4    00000004     empty_pem4f.oem4f (.const:ti_sysbios_knl_Task_LM_switch__C)
                  00012bd8    00000004     empty_pem4f.oem4f (.const:ti_sysbios_knl_Task_Module_State_inactiveQ__O)
                  00012bdc    00000004     empty_pem4f.oem4f (.const:ti_sysbios_knl_Task_Module__diagsEnabled__C)
                  00012be0    00000004     empty_pem4f.oem4f (.const:ti_sysbios_knl_Task_Module__diagsIncluded__C)
                  00012be4    00000004     empty_pem4f.oem4f (.const:ti_sysbios_knl_Task_Module__diagsMask__C)
                  00012be8    00000004     empty_pem4f.oem4f (.const:ti_sysbios_knl_Task_Module__loggerFxn2__C)
                  00012bec    00000004     empty_pem4f.oem4f (.const:ti_sysbios_knl_Task_Module__loggerFxn4__C)
                  00012bf0    00000004     empty_pem4f.oem4f (.const:ti_sysbios_knl_Task_Module__loggerObj__C)
                  00012bf4    00000004     empty_pem4f.oem4f (.const:ti_sysbios_knl_Task_Object__count__C)
                  00012bf8    00000004     empty_pem4f.oem4f (.const:ti_sysbios_knl_Task_allBlockedFunc__C)
                  00012bfc    00000004     empty_pem4f.oem4f (.const:ti_sysbios_knl_Task_numConstructedTasks__C)
                  00012c00    00000004     empty_pem4f.oem4f (.const:ti_sysbios_utils_Load_LS_cpuLoad__C)
                  00012c04    00000004     empty_pem4f.oem4f (.const:ti_sysbios_utils_Load_Module__diagsEnabled__C)
                  00012c08    00000004     empty_pem4f.oem4f (.const:ti_sysbios_utils_Load_Module__diagsIncluded__C)
                  00012c0c    00000004     empty_pem4f.oem4f (.const:ti_sysbios_utils_Load_Module__diagsMask__C)
                  00012c10    00000004     empty_pem4f.oem4f (.const:ti_sysbios_utils_Load_Module__loggerFxn1__C)
                  00012c14    00000004     empty_pem4f.oem4f (.const:ti_sysbios_utils_Load_Module__loggerObj__C)
                  00012c18    00000004     empty_pem4f.oem4f (.const:ti_sysbios_utils_Load_postUpdate__C)
                  00012c1c    00000004     empty_pem4f.oem4f (.const:ti_sysbios_utils_Load_windowInMs__C)
                  00012c20    00000004     empty_pem4f.oem4f (.const:ti_uia_loggers_LoggerStopMode_Module__diagsEnabled__C)
                  00012c24    00000004     empty_pem4f.oem4f (.const:ti_uia_loggers_LoggerStopMode_Module__diagsIncluded__C)
                  00012c28    00000004     empty_pem4f.oem4f (.const:ti_uia_loggers_LoggerStopMode_Module__diagsMask__C)
                  00012c2c    00000004     empty_pem4f.oem4f (.const:ti_uia_loggers_LoggerStopMode_Object__count__C)
                  00012c30    00000004     empty_pem4f.oem4f (.const:ti_uia_runtime_ILoggerSnapshot_Interface__BASE__C)
                  00012c34    00000004     empty_pem4f.oem4f (.const:ti_uia_runtime_IUIATransfer_Interface__BASE__C)
                  00012c38    00000004     empty_pem4f.oem4f (.const:xdc_runtime_Assert_E_assertFailed__C)
                  00012c3c    00000004     empty_pem4f.oem4f (.const:xdc_runtime_Core_A_initializedParams__C)
                  00012c40    00000004     empty_pem4f.oem4f (.const:xdc_runtime_Core_Module__diagsEnabled__C)
                  00012c44    00000004     empty_pem4f.oem4f (.const:xdc_runtime_Core_Module__diagsIncluded__C)
                  00012c48    00000004     empty_pem4f.oem4f (.const:xdc_runtime_Core_Module__diagsMask__C)
                  00012c4c    00000004     empty_pem4f.oem4f (.const:xdc_runtime_Error_E_memory__C)
                  00012c50    00000004     empty_pem4f.oem4f (.const:xdc_runtime_Error_Module__diagsEnabled__C)
                  00012c54    00000004     empty_pem4f.oem4f (.const:xdc_runtime_Error_Module__diagsIncluded__C)
                  00012c58    00000004     empty_pem4f.oem4f (.const:xdc_runtime_Error_Module__diagsMask__C)
                  00012c5c    00000004     empty_pem4f.oem4f (.const:xdc_runtime_Error_Module__loggerFxn8__C)
                  00012c60    00000004     empty_pem4f.oem4f (.const:xdc_runtime_Error_Module__loggerObj__C)
                  00012c64    00000004     empty_pem4f.oem4f (.const:xdc_runtime_Error_policyFxn__C)
                  00012c68    00000004     empty_pem4f.oem4f (.const:xdc_runtime_Error_raiseHook__C)
                  00012c6c    00000004     empty_pem4f.oem4f (.const:xdc_runtime_IFilterLogger_Interface__BASE__C)
                  00012c70    00000004     empty_pem4f.oem4f (.const:xdc_runtime_IGateProvider_Interface__BASE__C)
                  00012c74    00000004     empty_pem4f.oem4f (.const:xdc_runtime_IHeap_Interface__BASE__C)
                  00012c78    00000004     empty_pem4f.oem4f (.const:xdc_runtime_ILogger_Interface__BASE__C)
                  00012c7c    00000004     empty_pem4f.oem4f (.const:xdc_runtime_IModule_Interface__BASE__C)
                  00012c80    00000004     empty_pem4f.oem4f (.const:xdc_runtime_Log_L_error__C)
                  00012c84    00000004     empty_pem4f.oem4f (.const:xdc_runtime_Memory_defaultHeapInstance__C)
                  00012c88    00000004     empty_pem4f.oem4f (.const:xdc_runtime_Startup_execImpl__C)
                  00012c8c    00000004     empty_pem4f.oem4f (.const:xdc_runtime_Startup_lastFxns__A)
                  00012c90    00000004     empty_pem4f.oem4f (.const:xdc_runtime_Startup_maxPasses__C)
                  00012c94    00000004     empty_pem4f.oem4f (.const:xdc_runtime_Startup_sfxnRts__C)
                  00012c98    00000004     empty_pem4f.oem4f (.const:xdc_runtime_Startup_sfxnTab__C)
                  00012c9c    00000004     empty_pem4f.oem4f (.const:xdc_runtime_SysMin_bufSize__C)
                  00012ca0    00000004     empty_pem4f.oem4f (.const:xdc_runtime_SysMin_outputFunc__C)
                  00012ca4    00000004     empty_pem4f.oem4f (.const:xdc_runtime_System_Module__gateObj__C)
                  00012ca8    00000004     empty_pem4f.oem4f (.const:xdc_runtime_System_abortFxn__C)
                  00012cac    00000004     empty_pem4f.oem4f (.const:xdc_runtime_System_exitFxn__C)
                  00012cb0    00000004     empty_pem4f.oem4f (.const:xdc_runtime_System_extendFxn__C)
                  00012cb4    00000004     empty_pem4f.oem4f (.const:xdc_runtime_System_maxAtexitHandlers__C)
                  00012cb8    00000004     empty_pem4f.oem4f (.const:xdc_runtime_Text_charTab__C)
                  00012cbc    00000004     empty_pem4f.oem4f (.const:xdc_runtime_Text_nameEmpty__C)
                  00012cc0    00000004     empty_pem4f.oem4f (.const:xdc_runtime_Text_nameStatic__C)
                  00012cc4    00000004     empty_pem4f.oem4f (.const:xdc_runtime_Text_nameUnknown__C)
                  00012cc8    00000004     empty_pem4f.oem4f (.const:xdc_runtime_Text_nodeTab__C)
                  00012ccc    00000004     empty_pem4f.oem4f (.const:xdc_runtime_Text_visitRopeFxn__C)
                  00012cd0    00000002     empty_pem4f.oem4f (.const:ti_sysbios_family_arm_lm4_TimestampProvider_useClockTimer__C)
                  00012cd2    00000002     empty_pem4f.oem4f (.const:ti_sysbios_family_arm_m3_Hwi_Module__id__C)
                  00012cd4    00000002     empty_pem4f.oem4f (.const:ti_sysbios_family_arm_m3_Hwi_Module__loggerDefined__C)
                  00012cd6    00000002     empty_pem4f.oem4f (.const:ti_sysbios_gates_GateMutex_Module__id__C)
                  00012cd8    00000002     empty_pem4f.oem4f (.const:ti_sysbios_hal_Hwi_Module__id__C)
                  00012cda    00000002     empty_pem4f.oem4f (.const:ti_sysbios_heaps_HeapMem_Module__id__C)
                  00012cdc    00000002     empty_pem4f.oem4f (.const:ti_sysbios_knl_Clock_Module__id__C)
                  00012cde    00000002     empty_pem4f.oem4f (.const:ti_sysbios_knl_Clock_Module__loggerDefined__C)
                  00012ce0    00000002     empty_pem4f.oem4f (.const:ti_sysbios_knl_Semaphore_Module__id__C)
                  00012ce2    00000002     empty_pem4f.oem4f (.const:ti_sysbios_knl_Semaphore_Module__loggerDefined__C)
                  00012ce4    00000002     empty_pem4f.oem4f (.const:ti_sysbios_knl_Swi_Module__id__C)
                  00012ce6    00000002     empty_pem4f.oem4f (.const:ti_sysbios_knl_Swi_Module__loggerDefined__C)
                  00012ce8    00000002     empty_pem4f.oem4f (.const:ti_sysbios_knl_Task_Module__id__C)
                  00012cea    00000002     empty_pem4f.oem4f (.const:ti_sysbios_knl_Task_Module__loggerDefined__C)
                  00012cec    00000002     empty_pem4f.oem4f (.const:ti_sysbios_knl_Task_initStackFlag__C)
                  00012cee    00000002     empty_pem4f.oem4f (.const:ti_sysbios_utils_Load_Module__id__C)
                  00012cf0    00000002     empty_pem4f.oem4f (.const:ti_sysbios_utils_Load_Module__loggerDefined__C)
                  00012cf2    00000002     empty_pem4f.oem4f (.const:ti_sysbios_utils_Load_updateInIdle__C)
                  00012cf4    00000002     empty_pem4f.oem4f (.const:ti_uia_loggers_LoggerStopMode_Module__id__C)
                  00012cf6    00000002     empty_pem4f.oem4f (.const:ti_uia_loggers_LoggerStopMode_isTimestampEnabled__C)
                  00012cf8    00000002     empty_pem4f.oem4f (.const:xdc_runtime_Core_Module__id__C)
                  00012cfa    00000002     empty_pem4f.oem4f (.const:xdc_runtime_Error_Module__loggerDefined__C)
                  00012cfc    00000002     empty_pem4f.oem4f (.const:xdc_runtime_Error_maxDepth__C)
                  00012cfe    00000002     empty_pem4f.oem4f (.const:xdc_runtime_Memory_Module__id__C)
                  00012d00    00000002     empty_pem4f.oem4f (.const:xdc_runtime_SysMin_flushAtExit__C)
                  00012d02    00000002     empty_pem4f.oem4f (.const:xdc_runtime_Text_charCnt__C)
                  00012d04    00000002     empty_pem4f.oem4f (.const:xdc_runtime_Text_isLoaded__C)
                  00012d06    00000002     empty_pem4f.oem4f (.const:xdc_runtime_Text_registryModsLastId__C)
                  00012d08    00000002     empty_pem4f.oem4f (.const:xdc_runtime_Text_unnamedModsLastId__C)

.text      0    00012d10    0000947a     
                  00012d10    00000430     sysbios.aem4f : BIOS.obj (.text:ti_sysbios_family_arm_m3_Hwi_excDumpRegs__I)
                  00013140    00000370     grlib.lib : image.obj (.text:InternalImageDraw)
                  000134b0    0000034c     ti.targets.arm.rtsarm.aem4f : System.oem4f (.text:xdc_runtime_System_doPrint__I)
                  000137fc    00000004     grlib.lib : widget.obj (.text:WidgetDefaultMsgProc)
                  00013800    00000314     sysbios.aem4f : BIOS.obj (.text:ti_sysbios_knl_Semaphore_pend__E)
                  00013b14    000002e4     grlib.lib : image.obj (.text:PixelTransparentDraw)
                  00013df8    000002d4     rtsv7M4_T_le_v4SPD16_eabi.lib : trgdrv.obj (.text)
                  000140cc    000002c4     grlib.lib : slider.obj (.text:SliderPaint)
                  00014390    00000294     Kentec320x240x16_ssd2119_spi.obj (.text:Kentec320x240x16_SSD2119Init)
                  00014624    00000268     Kentec320x240x16_touch_tm4c1294xl.obj (.text:TouchScreenDebouncer)
                  0001488c    00000256     grlib.lib : string.obj (.text:GrFontGlyphRender)
                  00014ae2    00000006     driverlib.lib : gpio.obj (.text:GPIOPinWrite)
                  00014ae8    00000254     sysbios.aem4f : BIOS.obj (.text:ti_sysbios_heaps_HeapMem_free__E)
                  00014d3c    00000004     empty_pem4f.oem4f (.text:ti_sysbios_BIOS_RtsGateProxy_enter__E)
                  00014d40    00000240     sysbios.aem4f : BIOS.obj (.text:ti_sysbios_heaps_HeapMem_alloc__E)
                  00014f80    0000020c     Kentec320x240x16_ssd2119_spi.obj (.text:Kentec320x240x16_SSD2119PixelDrawMultiple)
                  0001518c    00000204     driverlib.lib : sysctl.obj (.text:SysCtlClockFreqSet)
                  00015390    00000204     Boot.aem4f : Boot_sysctl.oem4f (.text:ti_catalog_arm_cortexm4_tiva_ce_Boot_sysCtlClockFreqSetI__I)
                  00015594    00000004     empty_pem4f.oem4f (.text:ti_sysbios_BIOS_RtsGateProxy_leave__E)
                  00015598    00000200     sysbios.aem4f : BIOS.obj (.text:ti_sysbios_knl_Task_sleep__E)
                  00015798    000001fc                   : BIOS.obj (.text:ti_sysbios_family_arm_m3_Hwi_excHandlerMax__I)
                  00015994    00000194     grlib.lib : canvas.obj (.text:CanvasPaint)
                  00015b28    0000017c     sysbios.aem4f : BIOS.obj (.text:ti_sysbios_family_arm_lm4_TimestampProvider_get64__E)
                  00015ca4    00000178     Kentec320x240x16_touch_tm4c1294xl.obj (.text:TouchScreenIntHandler)
                  00015e1c    00000178     main.obj (.text:hardware_init)
                  00015f94    00000176     grlib.lib : pushbutton.obj (.text:RectangularButtonPaint)
                  0001610a    00000006               : string.obj (.text:GrContextFontSet)
                  00016110    00000174     sysbios.aem4f : BIOS.obj (.text:ti_sysbios_family_arm_m3_Hwi_excBusFault__I)
                  00016284    00000004                   : BIOS.obj (.text:ti_sysbios_family_arm_lm4_Timer_masterEnable__I)
                  00016288    00000168                   : BIOS.obj (.text:ti_sysbios_family_arm_lm4_Timer_start__E)
                  000163f0    00000164                   : BIOS.obj (.text:ti_sysbios_family_arm_m3_Hwi_excUsageFault__I)
                  00016554    00000160     Kentec320x240x16_ssd2119_spi.obj (.text:Kentec320x240x16_SSD2119RectFill)
                  000166b4    00000004     empty_pem4f.oem4f (.text:ti_sysbios_family_arm_m3_TaskSupport_Module__startupDone__S)
                  000166b8    00000148     sysbios.aem4f : BIOS.obj (.text:ti_sysbios_family_arm_m3_Hwi_excMemFault__I)
                  00016800    00000140                   : BIOS.obj (.text:ti_sysbios_knl_Semaphore_post__E)
                  00016940    0000013c                   : BIOS.obj (.text:ti_sysbios_heaps_HeapMem_Instance_init__E)
                  00016a7c    00000004     empty_pem4f.oem4f (.text:ti_sysbios_heaps_HeapMem_Module_GateProxy_enter__E)
                  00016a80    00000138     sysbios.aem4f : BIOS.obj (.text:ti_sysbios_family_arm_m3_Hwi_dispatchC__I)
                  00016bb8    00000138     empty_pem4f.oem4f (.text:ti_uia_loggers_LoggerStopMode_writeMemoryRange__E)
                  00016cf0    00000134     sysbios.aem4f : BIOS.obj (.text:ti_sysbios_knl_Clock_workFunc__E)
                  00016e24    00000130     driverlib.lib : gpio.obj (.text:GPIOPadConfigSet)
                  00016f54    00000124     Kentec320x240x16_touch_tm4c1294xl.obj (.text:TouchScreenInit)
                  00017078    0000011c     sysbios.aem4f : BIOS.obj (.text:ti_sysbios_knl_Swi_run__I)
                  00017194    00000118     ti.targets.arm.rtsarm.aem4f : Error.oem4f (.text:xdc_runtime_Error_policyDefault__E)
                  000172ac    0000010c     empty_pem4f.oem4f (.text:ti_uia_loggers_LoggerStopMode_write8__E)
                  000173b8    00000100     ti.targets.arm.rtsarm.aem4f : Core-mem.oem4f (.text:xdc_runtime_Core_createObject__I)
                  000174b8    000000f8                                 : Startup.oem4f (.text:xdc_runtime_Startup_startMods__I)
                  000175b0    000000f8     empty_pem4f.oem4f (.text:xdc_runtime_System_printfExtend__I)
                  000176a8    000000f4     sysbios.aem4f : m3_Hwi_asm.obj (.text:ti_sysbios_family_arm_m3_Hwi_dispatch__I)
                  0001779c    000000f4     empty_pem4f.oem4f (.text:ti_uia_loggers_LoggerStopMode_write4__E)
                  00017890    000000f2     grlib.lib : pushbutton.obj (.text:RectangularButtonClick)
                  00017982    00000002     rtsv7M4_T_le_v4SPD16_eabi.lib : i_div0.obj (.text)
                  00017984    000000e8     grlib.lib : widget.obj (.text:WidgetMessageQueueAdd)
                  00017a6c    000000e8     empty_pem4f.oem4f (.text:ti_uia_loggers_LoggerStopMode_write2__E)
                  00017b54    000000e4     empty_pem4f.oem4f (.text:ti_uia_loggers_LoggerStopMode_write1__E)
                  00017c38    000000e0     main.obj (.text:OnPlantCalibIcon)
                  00017d18    000000e0     main.obj (.text:OnPlantIrrigateIcon)
                  00017df8    000000d8     Kentec320x240x16_ssd2119_spi.obj (.text:InitGPIOLCDInterface)
                  00017ed0    000000d8     sysbios.aem4f : BIOS.obj (.text:ti_sysbios_family_arm_lm4_TimestampProvider_get32__E)
                  00017fa8    000000d8     empty_pem4f.oem4f (.text:ti_uia_loggers_LoggerStopMode_write0__E)
                  00018080    000000d2     grlib.lib : slider.obj (.text:SliderClick)
                  00018152    00000006     driverlib.lib : ssi.obj (.text:SSIClockSourceSet)
                  00018158    000000cc     sysbios.aem4f : BIOS.obj (.text:ti_sysbios_knl_Task_schedule__I)
                  00018224    000000cc     ti.targets.arm.rtsarm.aem4f : Core-smem.oem4f (.text:xdc_runtime_Core_constructObject__I)
                  000182f0    000000c4     grlib.lib : string.obj (.text:GrDefaultStringRenderer)
                  000183b4    00000004     empty_pem4f.oem4f (.text:ti_sysbios_heaps_HeapMem_Module_GateProxy_leave__E)
                  000183b8    000000c4     sysbios.aem4f : BIOS.obj (.text:ti_sysbios_family_arm_m3_Hwi_Module_startup__E)
                  0001847c    00000004     empty_pem4f.oem4f (.text:ti_sysbios_knl_Clock_TimerProxy_getMaxTicks__E)
                  00018480    000000bc     sysbios.aem4f : BIOS.obj (.text:ti_sysbios_family_arm_m3_Hwi_excDebugMon__I)
                  0001853c    00000004     empty_pem4f.oem4f (.text:ti_sysbios_knl_Clock_TimerProxy_getPeriod__E)
                  00018540    000000bc     sysbios.aem4f : BIOS.obj (.text:ti_sysbios_family_arm_m3_Hwi_excHardFault__I)
                  000185fc    00000004     empty_pem4f.oem4f (.text:ti_sysbios_knl_Queue_destruct)
                  00018600    000000bc     sysbios.aem4f : BIOS.obj (.text:ti_sysbios_knl_Task_startCore__E)
                  000186bc    00000004     empty_pem4f.oem4f (.text:ti_sysbios_knl_Semaphore_destruct)
                  000186c0    000000bc     sysbios.aem4f : BIOS.obj (.text:ti_sysbios_utils_Load_updateLoads__E)
                  0001877c    000000b4     grlib.lib : widget.obj (.text:WidgetMessageSendPostOrder)
                  00018830    000000b4     sysbios.aem4f : BIOS.obj (.text:ti_sysbios_gates_GateMutex_enter__E)
                  000188e4    00000004     ti.uia.loggers.aem4f : LoggerStopMode.oem4f (.text:ti_uia_loggers_LoggerStopMode_getContents__E)
                  000188e8    000000b4     sysbios.aem4f : BIOS.obj (.text:ti_sysbios_knl_Task_checkStacks__E)
                  0001899c    000000b0     grlib.lib : slider.obj (.text:SliderValueToPosition)
                  00018a4c    00000004     empty_pem4f.oem4f (.text:ti_uia_loggers_LoggerStopMode_getFilterLevel__E)
                  00018a50    000000b0     sysbios.aem4f : BIOS.obj (.text:ti_sysbios_utils_Load_idleFxn__E)
                  00018b00    000000ac                   : BIOS.obj (.text:ti_sysbios_family_arm_lm4_Timer_enableTiva__I)
                  00018bac    00000004     ti.uia.loggers.aem4f : LoggerStopMode.oem4f (.text:ti_uia_loggers_LoggerStopMode_getInstanceId__E)
                  00018bb0    000000ac     sysbios.aem4f : BIOS.obj (.text:ti_sysbios_knl_Swi_post__E)
                  00018c5c    00000004     ti.uia.loggers.aem4f : LoggerStopMode.oem4f (.text:ti_uia_loggers_LoggerStopMode_getMaxLength__E)
                  00018c60    000000a8     sysbios.aem4f : BIOS.obj (.text:ti_sysbios_family_arm_lm4_Timer_enableTimers__I)
                  00018d08    000000a8                   : BIOS.obj (.text:ti_sysbios_knl_Task_blockI__E)
                  00018db0    000000a8                   : BIOS.obj (.text:ti_sysbios_knl_Task_postInit__I)
                  00018e58    000000a0     auto_init.aem4f : auto_init.oem4f (.text)
                  00018ef8    000000a0     ti.targets.arm.rtsarm.aem4f : Text.oem4f (.text:xdc_runtime_Text_putMod__E)
                  00018f98    0000009c     rtsv7M4_T_le_v4SPD16_eabi.lib : memcpy_t2.obj (.text)
                  00019034    00000004     ti.uia.loggers.aem4f : LoggerStopMode.oem4f (.text:ti_uia_loggers_LoggerStopMode_getPriority__E)
                  00019038    0000009c     sysbios.aem4f : BIOS.obj (.text:ti_sysbios_knl_Semaphore_Instance_init__E)
                  000190d4    0000009a     ti.targets.arm.rtsarm.aem4f : Text.oem4f (.text:xdc_runtime_Text_putSite__E)
                  0001916e    00000002     empty_pem4f.oem4f (.text:ti_sysbios_BIOS_nullFunc__I)
                  00019170    00000098     Boot.aem4f : Boot.oem4f (.text:ti_catalog_arm_cortexm4_tiva_ce_Boot_sysCtlClockFreqSet__E)
                  00019208    00000094     sysbios.aem4f : BIOS.obj (.text:ti_sysbios_family_arm_m3_Hwi_initNVIC__E)
                  0001929c    00000004     ti.uia.loggers.aem4f : LoggerStopMode.oem4f (.text:ti_uia_loggers_LoggerStopMode_getTransferType__E)
                  000192a0    00000094     sysbios.aem4f : BIOS.obj (.text:ti_sysbios_knl_Task_exit__E)
                  00019334    00000090     Kentec320x240x16_ssd2119_spi.obj (.text:Kentec320x240x16_SSD2119LineDrawH)
                  000193c4    00000090     Kentec320x240x16_ssd2119_spi.obj (.text:Kentec320x240x16_SSD2119LineDrawV)
                  00019454    00000004     ti.targets.arm.rtsarm.aem4f : Error.oem4f (.text:xdc_runtime_Error_getSite__E)
                  00019458    00000090     sysbios.aem4f : BIOS.obj (.text:ti_sysbios_knl_Task_unblockI__E)
                  000194e8    00000090     ti.uia.loggers.aem4f : LoggerStopMode.oem4f (.text:ti_uia_loggers_LoggerStopMode_initQueueDescriptor__E)
                  00019578    0000008c     sysbios.aem4f : m3_TaskSupport_asm.obj (.text:ti_sysbios_family_arm_m3_TaskSupport_buildTaskStack)
                  00019604    0000008a     grlib.lib : rectangle.obj (.text:GrRectIntersectGet)
                  0001968e    00000086               : rectangle.obj (.text:GrRectFill)
                  00019714    0000007a     driverlib.lib : adc.obj (.text:ADCSequenceStepConfigure)
                  0001978e    0000007a     rtsv7M4_T_le_v4SPD16_eabi.lib : memset_t2.obj (.text)
                  00019808    00000074     ti.uia.runtime.aem4f : QueueDescriptor.oem4f (.text:ti_uia_runtime_QueueDescriptor_addToList__E)
                  0001987c    0000006c     ti.targets.arm.rtsarm.aem4f : Error.oem4f (.text:xdc_runtime_Error_print__E)
                  000198e8    0000006c                                 : Memory.oem4f (.text:xdc_runtime_Memory_alloc__E)
                  00019954    0000006a     grlib.lib : string.obj (.text:GrStringWidthGet)
                  000199be    0000006a     rtsv7M4_T_le_v4SPD16_eabi.lib : copy_decompress_rle.obj (.text)
                  00019a28    00000068     grlib.lib : context.obj (.text:GrContextInit)
                  00019a90    00000068     driverlib.lib : interrupt.obj (.text:IntEnable)
                  00019af8    00000068     Kentec320x240x16_ssd2119_spi.obj (.text:initSSI)
                  00019b60    00000068     rtsv7M4_T_le_v4SPD16_eabi.lib : trgmsg.obj (.text)
                  00019bc8    00000066     grlib.lib : rectangle.obj (.text:GrRectDraw)
                  00019c2e    00000066     ti.uia.loggers.aem4f : LoggerStopMode.oem4f (.text:ti_uia_loggers_LoggerStopMode_flush__E)
                  00019c94    00000066     ti.targets.arm.rtsarm.aem4f : Core-mem.oem4f (.text:xdc_runtime_Core_deleteObject__I)
                  00019cfa    00000002     empty_pem4f.oem4f (.text:ti_uia_loggers_LoggerStopMode_setFilterLevel__E)
                  00019cfc    00000064     Kentec320x240x16_ssd2119_spi.obj (.text:Kentec320x240x16_SSD2119PixelDraw)
                  00019d60    00000064     grlib.lib : widget.obj (.text:WidgetMessageQueueProcess)
                  00019dc4    00000004     empty_pem4f.oem4f (.text:xdc_runtime_System_Module_GateProxy_enter__E)
                  00019dc8    00000064     sysbios.aem4f : BIOS.obj (.text:ti_sysbios_family_arm_lm4_Timer_Module_startup__E)
                  00019e2c    00000064     ti.targets.arm.rtsarm.aem4f : System.oem4f (.text:xdc_runtime_System_formatNum__I)
                  00019e90    00000062     grlib.lib : context.obj (.text:GrContextClipRegionSet)
                  00019ef2    00000002     ti.uia.loggers.aem4f : LoggerStopMode.oem4f (.text:ti_uia_loggers_LoggerStopMode_setPriority__E)
                  00019ef4    00000060     driverlib.lib : timer.obj (.text:TimerConfigure)
                  00019f54    00000004     empty_pem4f.oem4f (.text:xdc_runtime_System_Module_GateProxy_leave__E)
                  00019f58    00000060     sysbios.aem4f : BIOS.obj (.text:ti_sysbios_family_arm_lm4_Timer_isrStub__E)
                  00019fb8    00000060                   : BIOS.obj (.text:ti_sysbios_knl_Clock_logTick__E)
                  0001a018    00000060                   : BIOS.obj (.text:ti_sysbios_utils_Load_logCPULoad__I)
                  0001a078    0000005c     grlib.lib : widget.obj (.text:WidgetMessageSendPreOrder)
                  0001a0d4    00000004     ti.targets.arm.rtsarm.aem4f : System.oem4f (.text:xdc_runtime_System_aprintf_va__F)
                  0001a0d8    0000005c     sysbios.aem4f : BIOS.obj (.text:ti_sysbios_knl_Swi_restoreHwi__E)
                  0001a134    00000004     ti.targets.arm.rtsarm.aem4f : System.oem4f (.text:xdc_runtime_System_printf_va__F)
                  0001a138    0000005c     sysbios.aem4f : BIOS.obj (.text:ti_sysbios_knl_Swi_schedule__I)
                  0001a194    00000002     empty_pem4f.oem4f (.text:xdc_runtime_Startup_reset__I)
                  0001a196    00000002     --HOLE-- [fill = 0]
                  0001a198    0000005c     sysbios.aem4f : BIOS.obj (.text:ti_sysbios_knl_Task_Module_startup__E)
                  0001a1f4    0000005b     ti.targets.arm.rtsarm.aem4f : Text.oem4f (.text:xdc_runtime_Text_putLab__E)
                  0001a24f    00000001     --HOLE-- [fill = 0]
                  0001a250    0000005a     grlib.lib : string.obj (.text:FontWideGlyphDataGet)
                  0001a2aa    00000002     --HOLE-- [fill = 0]
                  0001a2ac    00000058     boot.aem4f : boot.oem4f (.text)
                  0001a304    00000058     grlib.lib : slider.obj (.text:SliderPositionToValue)
                  0001a35c    00000058     driverlib.lib : timer.obj (.text:TimerControlTrigger)
                  0001a3b4    00000058     sysbios.aem4f : m3_Hwi_asm_switch.obj (.text:ti_sysbios_family_arm_m3_Hwi_initStacks__E)
                  0001a40c    00000054     main.obj (.text:OnBack)
                  0001a460    00000054     main.obj (.text:OnPlantIcon)
                  0001a4b4    00000054     ti.targets.arm.rtsarm.aem4f : Assert.oem4f (.text:xdc_runtime_Assert_raise__I)
                  0001a508    00000050     Kentec320x240x16_ssd2119_spi.obj (.text:WriteDataGPIO)
                  0001a558    00000050     Boot.aem4f : Boot_sysctl.oem4f (.text:_SysCtlFrequencyGet)
                  0001a5a8    00000050     ti.targets.arm.rtsarm.aem4f : Startup.oem4f (.text:xdc_runtime_Startup_exec__E)
                  0001a5f8    00000050                                 : Text.oem4f (.text:xdc_runtime_Text_visitRope2__I)
                  0001a648    0000004c     grlib.lib : widget.obj (.text:WidgetRemove)
                  0001a694    0000004c     rtsv7M4_T_le_v4SPD16_eabi.lib : cpy_tbl.obj (.text)
                  0001a6e0    0000004c     sysbios.aem4f : BIOS.obj (.text:ti_sysbios_heaps_HeapMem_getStats__E)
                  0001a72c    00000004     --HOLE-- [fill = 0]
                  0001a730    0000004c                   : BIOS.obj (.text:ti_sysbios_knl_Swi_runLoop__I)
                  0001a77c    00000004     --HOLE-- [fill = 0]
                  0001a780    0000004c                   : BIOS.obj (.text:ti_sysbios_knl_Task_allBlockedFunction__I)
                  0001a7cc    0000004c     ti.uia.loggers.aem4f : LoggerStopMode.oem4f (.text:ti_uia_loggers_LoggerStopMode_Module_startup__E)
                  0001a818    0000004a     grlib.lib : string.obj (.text:UpdateContextCharMapping)
                  0001a862    00000002     --HOLE-- [fill = 0]
                  0001a864    00000048     driverlib.lib : gpio.obj (.text:GPIOPinConfigure)
                  0001a8ac    00000048                   : sysctl.obj (.text:_SysCtlFrequencyGet)
                  0001a8f4    00000004     --HOLE-- [fill = 0]
                  0001a8f8    00000048     sysbios.aem4f : BIOS.obj (.text:ti_sysbios_family_arm_m3_Hwi_disableInterrupt__E)
                  0001a940    00000048                   : BIOS.obj (.text:ti_sysbios_family_arm_m3_Hwi_enableInterrupt__E)
                  0001a988    00000048                   : BIOS.obj (.text:ti_sysbios_family_arm_m3_Hwi_excReserved__I)
                  0001a9d0    00000046     grlib.lib : line.obj (.text:GrLineDrawH)
                  0001aa16    00000046               : line.obj (.text:GrLineDrawV)
                  0001aa5c    00000046     ti.targets.arm.rtsarm.aem4f : Core-params.oem4f (.text:xdc_runtime_Core_assignParams__I)
                  0001aaa2    00000002     --HOLE-- [fill = 0]
                  0001aaa4    00000044     Kentec320x240x16_ssd2119_spi.obj (.text:WriteCommandGPIO)
                  0001aae8    00000044     rtsv7M4_T_le_v4SPD16_eabi.lib : exit.obj (.text)
                  0001ab2c    00000004     --HOLE-- [fill = 0]
                  0001ab30    00000044     sysbios.aem4f : BIOS.obj (.text:ti_sysbios_family_arm_lm4_Timer_stop__E)
                  0001ab74    00000004     --HOLE-- [fill = 0]
                  0001ab78    00000044                   : BIOS.obj (.text:ti_sysbios_family_arm_m3_Hwi_getStackInfo__E)
                  0001abbc    00000044     ti.uia.loggers.aem4f : LoggerStopMode.oem4f (.text:ti_uia_loggers_LoggerStopMode_initBuffer__I)
                  0001ac00    00000044     ti.targets.arm.rtsarm.aem4f : Error.oem4f (.text:xdc_runtime_Error_setX__E)
                  0001ac44    00000044                                 : SysMin.oem4f (.text:xdc_runtime_SysMin_flush__E)
                  0001ac88    00000044                                 : Text.oem4f (.text:xdc_runtime_Text_xprintf__I)
                  0001accc    00000040     rtsv7M4_T_le_v4SPD16_eabi.lib : u_divt2.obj (.text)
                  0001ad0c    00000004     --HOLE-- [fill = 0]
                  0001ad10    00000040     sysbios.aem4f : BIOS.obj (.text:ti_sysbios_family_arm_lm4_Timer_startup__E)
                  0001ad50    0000003e     driverlib.lib : adc.obj (.text:ADCSequenceConfigure)
                  0001ad8e    0000003c                   : ssi.obj (.text:SSIConfigSetExpClk)
                  0001adca    00000006                   : sysctl.obj (.text:SysCtlDelay)
                  0001add0    0000003c     sysbios.aem4f : BIOS.obj (.text:ti_sysbios_family_arm_m3_Hwi_excSvCall__I)
                  0001ae0c    00000004     --HOLE-- [fill = 0]
                  0001ae10    0000003c                   : BIOS.obj (.text:ti_sysbios_family_arm_m3_TaskSupport_start__E)
                  0001ae4c    00000004     --HOLE-- [fill = 0]
                  0001ae50    0000003c                   : BIOS.obj (.text:ti_sysbios_heaps_HeapMem_init__I)
                  0001ae8c    00000004     --HOLE-- [fill = 0]
                  0001ae90    0000003c                   : BIOS.obj (.text:ti_sysbios_knl_Swi_restore__E)
                  0001aecc    0000003a     grlib.lib : string.obj (.text:FontGlyphDataGet)
                  0001af06    00000038               : rectangle.obj (.text:GrRectOverlapCheck)
                  0001af3e    00000002     --HOLE-- [fill = 0]
                  0001af40    00000038     sysbios.aem4f : BIOS.obj (.text:ti_sysbios_family_arm_m3_Hwi_excNoIsr__I)
                  0001af78    00000038                   : BIOS.obj (.text:ti_sysbios_knl_Task_processVitalTaskFlag__I)
                  0001afb0    00000038     ti.targets.arm.rtsarm.aem4f : SysMin.oem4f (.text:xdc_runtime_SysMin_putch__E)
                  0001afe8    00000038                                 : System.oem4f (.text:xdc_runtime_System_atexit__E)
                  0001b020    00000034     driverlib.lib : sysctl.obj (.text:SysCtlPeripheralEnable)
                  0001b054    00000004     --HOLE-- [fill = 0]
                  0001b058    00000034     sysbios.aem4f : BIOS.obj (.text:ti_sysbios_family_arm_m3_Hwi_excNmi__I)
                  0001b08c    00000004     --HOLE-- [fill = 0]
                  0001b090    00000034                   : BIOS.obj (.text:ti_sysbios_hal_Hwi_checkStack)
                  0001b0c4    00000034     ti.uia.loggers.aem4f : LoggerStopMode.oem4f (.text:ti_uia_loggers_LoggerStopMode_reset__E)
                  0001b0f8    00000034     ti.targets.arm.rtsarm.aem4f : Core-label.oem4f (.text:xdc_runtime_Core_assignLabel__I)
                  0001b12c    00000033                                 : Text.oem4f (.text:xdc_runtime_Text_printVisFxn__I)
                  0001b15f    00000001     --HOLE-- [fill = 0]
                  0001b160    00000032     sysbios.aem4f : BIOS.obj (.text:ti_sysbios_hal_Hwi_initStack)
                  0001b192    00000006     grlib.lib : widget.obj (.text:WidgetMutexPut)
                  0001b198    00000032     sysbios.aem4f : BIOS.obj (.text:ti_sysbios_knl_Semaphore_pendTimeout__I)
                  0001b1ca    00000002     --HOLE-- [fill = 0]
                  0001b1cc    00000030     empty_pem4f.oem4f (.text:ti_sysbios_BIOS_atExitFunc__I)
                  0001b1fc    00000030     empty_pem4f.oem4f (.text:ti_sysbios_gates_GateHwi_Object__create__S)
                  0001b22c    00000030     empty_pem4f.oem4f (.text:ti_sysbios_gates_GateMutex_Object__create__S)
                  0001b25c    00000030     empty_pem4f.oem4f (.text:ti_sysbios_heaps_HeapMem_Object__create__S)
                  0001b28c    00000030     empty_pem4f.oem4f (.text:ti_sysbios_knl_Semaphore_construct)
                  0001b2bc    00000004     --HOLE-- [fill = 0]
                  0001b2c0    00000030     sysbios.aem4f : BIOS.obj (.text:ti_sysbios_utils_Load_updateCurrentThreadTime__E)
                  0001b2f0    00000030     empty_pem4f.oem4f (.text:ti_uia_loggers_LoggerStopMode_Object__create__S)
                  0001b320    00000030     ti.targets.arm.rtsarm.aem4f : SysMin.oem4f (.text:xdc_runtime_SysMin_abort__E)
                  0001b350    00000030                                 : System.oem4f (.text:xdc_runtime_System_processAtExit__E)
                  0001b380    0000002e     grlib.lib : string.obj (.text:GrStringNextCharGet)
                  0001b3ae    0000002c               : string.obj (.text:GrFontBaselineGet)
                  0001b3da    0000002c               : string.obj (.text:GrFontHeightGet)
                  0001b406    0000002c               : slider.obj (.text:SliderMsgProc)
                  0001b432    00000002     --HOLE-- [fill = 0]
                  0001b434    0000002c     empty_pem4f.oem4f (.text:ti_sysbios_knl_Clock_doTick__I)
                  0001b460    0000002c     empty_pem4f.oem4f (.text:ti_sysbios_knl_Queue_construct)
                  0001b48c    00000004     --HOLE-- [fill = 0]
                  0001b490    0000002c     sysbios.aem4f : BIOS.obj (.text:ti_sysbios_knl_Task_restore__E)
                  0001b4bc    0000002c     ti.targets.arm.rtsarm.aem4f : Text.oem4f (.text:xdc_runtime_Text_cordText__E)
                  0001b4e8    0000002a     driverlib.lib : gpio.obj (.text:GPIODirModeSet)
                  0001b512    0000002a     grlib.lib : widget.obj (.text:WidgetIsInTree)
                  0001b53c    0000002a     ti.targets.arm.rtsarm.aem4f : System.oem4f (.text:xdc_runtime_System_putchar__I)
                  0001b566    00000028     Kentec320x240x16_ssd2119_spi.obj (.text:Kentec320x240x16_SSD2119ColorTranslate)
                  0001b58e    00000028     grlib.lib : pushbutton.obj (.text:RectangularButtonMsgProc)
                  0001b5b6    00000002     --HOLE-- [fill = 0]
                  0001b5b8    00000028     sysbios.aem4f : BIOS.obj (.text:ti_sysbios_knl_Swi_Module_startup__E)
                  0001b5e0    00000026     grlib.lib : string.obj (.text:GrFontInfoGet)
                  0001b606    00000026     sysbios.aem4f : m3_Hwi_asm.obj (.text:ti_sysbios_family_arm_m3_Hwi_pendSV__I)
                  0001b62c    00000026     ti.targets.arm.rtsarm.aem4f : System.oem4f (.text:xdc_runtime_System_avprintf__E)
                  0001b652    00000024     grlib.lib : widget.obj (.text:WidgetAdd)
                  0001b676    00000002     --HOLE-- [fill = 0]
                  0001b678    00000024     empty_pem4f.oem4f (.text:ti_sysbios_BIOS_errorRaiseHook__I)
                  0001b69c    00000024     empty_pem4f.oem4f (.text:ti_sysbios_BIOS_registerRTSLock__I)
                  0001b6c0    00000024     empty_pem4f.oem4f (.text:ti_sysbios_BIOS_removeRTSLock__I)
                  0001b6e4    00000024     empty_pem4f.oem4f (.text:ti_sysbios_BIOS_startFunc__I)
                  0001b708    00000024     sysbios.aem4f : BIOS.obj (.text:ti_sysbios_family_arm_m3_Hwi_doTaskRestore__I)
                  0001b72c    00000024     empty_pem4f.oem4f (.text:ti_sysbios_gates_GateMutex_Object__delete__S)
                  0001b750    00000024     sysbios.aem4f : BIOS.obj (.text:ti_sysbios_knl_Clock_Module_startup__E)
                  0001b774    00000024     ti.targets.arm.rtsarm.aem4f : System.oem4f (.text:xdc_runtime_System_vprintf__E)
                  0001b798    00000022     grlib.lib : string.obj (.text:GrFontGlyphDataGet)
                  0001b7ba    00000006     ti.targets.arm.rtsarm.aem4f : xdc_noinit.oem4f (.text:__xdc__init)
                  0001b7c0    00000022     sysbios.aem4f : BIOS.obj (.text:ti_sysbios_family_arm_lm4_Timer_write__I)
                  0001b7e2    00000022     empty_pem4f.oem4f (.text:xdc_runtime_SysMin_output__I)
                  0001b804    00000020     Boot.aem4f : Boot_sysctl.oem4f (.text:_SysCtlMemTimingGet)
                  0001b824    00000020     empty_pem4f.oem4f (.text:ti_sysbios_BIOS_rtsLock__I)
                  0001b844    00000020     sysbios.aem4f : m3_Hwi_asm.obj (.text:ti_sysbios_family_arm_m3_Hwi_excHandlerAsm__I)
                  0001b864    00000004     --HOLE-- [fill = 0]
                  0001b868    00000020                   : BIOS.obj (.text:ti_sysbios_family_arm_m3_Hwi_excHandler__I)
                  0001b888    00000020     empty_pem4f.oem4f (.text:ti_sysbios_gates_GateHwi_Object__delete__S)
                  0001b8a8    00000020     empty_pem4f.oem4f (.text:ti_sysbios_heaps_HeapMem_Object__delete__S)
                  0001b8c8    00000020     sysbios.aem4f : BIOS.obj (.text:ti_sysbios_knl_Idle_run__E)
                  0001b8e8    00000020     empty_pem4f.oem4f (.text:ti_sysbios_knl_Semaphore_Object__destruct__S)
                  0001b908    00000020     empty_pem4f.oem4f (.text:ti_uia_loggers_LoggerStopMode_Object__delete__S)
                  0001b928    00000020     ti.targets.arm.rtsarm.aem4f : Registry.oem4f (.text:xdc_runtime_Registry_findById__E)
                  0001b948    00000020                                 : SysMin.oem4f (.text:xdc_runtime_SysMin_Module_startup__E)
                  0001b968    0000001e     grlib.lib : string.obj (.text:GrFontCodepageGet)
                  0001b986    0000001e     sysbios.aem4f : m3_Hwi_asm_switch.obj (.text:ti_sysbios_family_xxx_Hwi_switchAndRunFunc)
                  0001b9a4    0000001c     grlib.lib : widget.obj (.text:WidgetPointerMessage)
                  0001b9c0    0000001c     driverlib.lib : sysctl.obj (.text:_SysCtlMemTimingGet)
                  0001b9dc    00000004     --HOLE-- [fill = 0]
                  0001b9e0    0000001c     sysbios.aem4f : BIOS.obj (.text:ti_sysbios_gates_GateMutex_Instance_init__E)
                  0001b9fc    0000001c     empty_pem4f.oem4f (.text:ti_sysbios_knl_Queue_Object__destruct__S)
                  0001ba18    0000001c     sysbios.aem4f : BIOS.obj (.text:ti_sysbios_knl_Task_enter__I)
                  0001ba34    0000001c     ti.uia.loggers.aem4f : LoggerStopMode.oem4f (.text:ti_uia_loggers_LoggerStopMode_Instance_init__E)
                  0001ba50    0000001c     ti.targets.arm.rtsarm.aem4f : Error.oem4f (.text:xdc_runtime_Error_raiseX__E)
                  0001ba6c    0000001c                                 : Memory.oem4f (.text:xdc_runtime_Memory_valloc__E)
                  0001ba88    0000001c                                 : SysMin.oem4f (.text:xdc_runtime_SysMin_exit__E)
                  0001baa4    0000001c                                 : System.oem4f (.text:xdc_runtime_System_abort__E)
                  0001bac0    0000001a     empty_pem4f.oem4f (.text:ti_sysbios_family_arm_m3_Hwi_Handle__label__S)
                  0001bada    0000001a     empty_pem4f.oem4f (.text:ti_sysbios_gates_GateHwi_Handle__label__S)
                  0001baf4    0000001a     empty_pem4f.oem4f (.text:ti_sysbios_gates_GateMutex_Handle__label__S)
                  0001bb0e    0000001a     empty_pem4f.oem4f (.text:ti_sysbios_heaps_HeapMem_Handle__label__S)
                  0001bb28    0000001a     empty_pem4f.oem4f (.text:ti_sysbios_knl_Swi_Handle__label__S)
                  0001bb42    0000001a     empty_pem4f.oem4f (.text:ti_sysbios_knl_Task_Handle__label__S)
                  0001bb5c    00000004     --HOLE-- [fill = 0]
                  0001bb60    0000001a     sysbios.aem4f : BIOS.obj (.text:ti_sysbios_knl_Task_sleepTimeout__I)
                  0001bb7a    0000001a     empty_pem4f.oem4f (.text:ti_uia_loggers_LoggerStopMode_Handle__label__S)
                  0001bb94    0000001a     empty_pem4f.oem4f (.text:xdc_runtime_System_aprintf__E)
                  0001bbae    0000001a     empty_pem4f.oem4f (.text:xdc_runtime_System_printf__E)
                  0001bbc8    00000018     driverlib.lib : gpio.obj (.text:GPIOPinTypeGPIOOutput)
                  0001bbe0    00000018     rtsv7M4_T_le_v4SPD16_eabi.lib : args_main.obj (.text)
                  0001bbf8    00000018     empty_pem4f.oem4f (.text:ti_sysbios_BIOS_rtsUnlock__I)
                  0001bc10    00000018     empty_pem4f.oem4f (.text:ti_sysbios_family_arm_lm4_Timer_Module__startupDone__F)
                  0001bc28    00000018     empty_pem4f.oem4f (.text:ti_sysbios_family_arm_m3_Hwi_Module__startupDone__F)
                  0001bc40    00000018     sysbios.aem4f : m3_TaskSupport_asm.obj (.text:ti_sysbios_family_arm_m3_TaskSupport_swap__E)
                  0001bc58    00000018                   : BIOS.obj (.text:ti_sysbios_gates_GateMutex_leave__E)
                  0001bc70    00000018     ti.targets.arm.rtsarm.aem4f : Error.oem4f (.text:xdc_runtime_Error_check__E)
                  0001bc88    00000018                                 : System.oem4f (.text:xdc_runtime_System_exit__E)
                  0001bca0    00000018                                 : Text.oem4f (.text:xdc_runtime_Text_ropeText__E)
                  0001bcb8    00000016     grlib.lib : string.obj (.text:GrStringDraw)
                  0001bcce    00000016     empty_pem4f.oem4f (.text:ti_sysbios_BIOS_exitFunc__I)
                  0001bce4    00000016     ti.uia.loggers.aem4f : LoggerStopMode.oem4f (.text:ti_uia_loggers_LoggerStopMode_disable__E)
                  0001bcfa    00000016                          : LoggerStopMode.oem4f (.text:ti_uia_loggers_LoggerStopMode_enable__E)
                  0001bd10    00000016     main.obj (.text:update_LCD)
                  0001bd26    00000014     grlib.lib : canvas.obj (.text:CanvasMsgProc)
                  0001bd3a    00000002     --HOLE-- [fill = 0]
                  0001bd3c    00000014     Kentec320x240x16_touch_tm4c1294xl.obj (.text:TouchScreenCallbackSet)
                  0001bd50    00000014     grlib.lib : widget.obj (.text:WidgetMutexGet)
                  0001bd64    00000014     rtsv7M4_T_le_v4SPD16_eabi.lib : _lock.obj (.text)
                  0001bd78    00000014                                   : strcpy.obj (.text)
                  0001bd8c    00000014                                   : strlen.obj (.text)
                  0001bda0    00000014     empty_pem4f.oem4f (.text:ti_sysbios_family_arm_m3_Hwi_Object__get__S)
                  0001bdb4    00000004     --HOLE-- [fill = 0]
                  0001bdb8    00000014     sysbios.aem4f : BIOS.obj (.text:ti_sysbios_family_arm_m3_Hwi_switchFromBootStack__E)
                  0001bdcc    00000014     empty_pem4f.oem4f (.text:ti_sysbios_heaps_HeapMem_Object__get__S)
                  0001bde0    00000014     empty_pem4f.oem4f (.text:ti_sysbios_knl_Swi_Object__get__S)
                  0001bdf4    00000012     driverlib.lib : adc.obj (.text:ADCHardwareOversampleConfigure)
                  0001be06    00000012                   : gpio.obj (.text:GPIOPinTypeSSI)
                  0001be18    00000012                   : timer.obj (.text:TimerLoadSet)
                  0001be2a    00000006     rtsv7M4_T_le_v4SPD16_eabi.lib : copy_decompress_rle.obj (.text:decompress:rle24)
                  0001be30    00000012     sysbios.aem4f : BIOS.obj (.text:ti_sysbios_hal_Hwi_Module_startup__E)
                  0001be42    00000012     empty_pem4f.oem4f (.text:xdc_runtime_Startup_exec__I)
                  0001be54    00000010     empty_pem4f.oem4f (.text:.bootCodeSection:ti_catalog_arm_cortexm4_tiva_ce_Boot_init__I)
                  0001be64    00000010     driverlib.lib : adc.obj (.text:ADCIntEnable)
                  0001be74    00000010                   : fpu.obj (.text:FPUEnable)
                  0001be84    00000010                   : fpu.obj (.text:FPULazyStackingEnable)
                  0001be94    00000004     --HOLE-- [fill = 0]
                  0001be98    00000010     sysbios.aem4f : BIOS.obj (.text:ti_sysbios_BIOS_getCpuFreq__E)
                  0001bea8    00000010                   : BIOS.obj (.text:ti_sysbios_BIOS_setThreadType__E)
                  0001beb8    00000010                   : BIOS.obj (.text:ti_sysbios_BIOS_start__E)
                  0001bec8    00000010                   : BIOS.obj (.text:ti_sysbios_family_arm_lm4_TimestampProvider_rolloverFunc__E)
                  0001bed8    00000010                   : m3_TaskSupport_asm.obj (.text:ti_sysbios_family_arm_m3_TaskSupport_glue)
                  0001bee8    00000010                   : BIOS.obj (.text:ti_sysbios_gates_GateMutex_Instance_finalize__E)
                  0001bef8    00000010                   : BIOS.obj (.text:ti_sysbios_knl_Semaphore_Instance_finalize__E)
                  0001bf08    00000010                   : BIOS.obj (.text:ti_sysbios_knl_Swi_disable__E)
                  0001bf18    00000010     empty_pem4f.oem4f (.text:ti_sysbios_knl_Task_Object__get__S)
                  0001bf28    00000010     sysbios.aem4f : BIOS.obj (.text:ti_sysbios_knl_Task_disable__E)
                  0001bf38    00000010     empty_pem4f.oem4f (.text:ti_uia_loggers_LoggerStopMode_Object__get__S)
                  0001bf48    00000010     ti.uia.loggers.aem4f : LoggerStopMode.oem4f (.text:ti_uia_loggers_LoggerStopMode_isEmpty__E)
                  0001bf58    00000010     driverlib.lib : udma.obj (.text:uDMAEnable)
                  0001bf68    00000010     ti.targets.arm.rtsarm.aem4f : Gate.oem4f (.text:xdc_runtime_Gate_leaveSystem__E)
                  0001bf78    00000010                                 : Memory.oem4f (.text:xdc_runtime_Memory_free__E)
                  0001bf88    00000010                                 : SysMin.oem4f (.text:xdc_runtime_SysMin_ready__E)
                  0001bf98    00000010                                 : System.oem4f (.text:xdc_runtime_System_vsnprintf__E)
                  0001bfa8    00000010     empty_pem4f.oem4f (.text:xdc_runtime_Text_visitRope__I)
                  0001bfb8    0000000e     driverlib.lib : adc.obj (.text:ADCSequenceEnable)
                  0001bfc6    0000000e     grlib.lib : image.obj (.text:GrImageDraw)
                  0001bfd4    0000000e     driverlib.lib : timer.obj (.text:TimerEnable)
                  0001bfe2    0000000e     rtsv7M4_T_le_v4SPD16_eabi.lib : copy_decompress_none.obj (.text:decompress:none)
                  0001bff0    0000000e     sysbios.aem4f : BIOS.obj (.text:ti_sysbios_knl_Idle_loop__E)
                  0001bffe    00000002     --HOLE-- [fill = 0]
                  0001c000    0000000e                   : BIOS.obj (.text:ti_sysbios_knl_Queue_empty__E)
                  0001c00e    0000000c     rtsv7M4_T_le_v4SPD16_eabi.lib : copy_zero_init.obj (.text:decompress:ZI)
                  0001c01a    0000000c     main.obj (.text:main)
                  0001c026    00000002     --HOLE-- [fill = 0]
                  0001c028    0000000c     sysbios.aem4f : BIOS.obj (.text:ti_sysbios_family_arm_lm4_Timer_getMaxTicks__E)
                  0001c034    00000004     --HOLE-- [fill = 0]
                  0001c038    0000000c                   : BIOS.obj (.text:ti_sysbios_family_arm_lm4_TimestampProvider_startTimer__E)
                  0001c044    00000004     --HOLE-- [fill = 0]
                  0001c048    0000000c                   : BIOS.obj (.text:ti_sysbios_family_arm_m3_Hwi_disableFxn__E)
                  0001c054    00000004     --HOLE-- [fill = 0]
                  0001c058    0000000c                   : BIOS.obj (.text:ti_sysbios_family_arm_m3_Hwi_enableFxn__E)
                  0001c064    00000004     --HOLE-- [fill = 0]
                  0001c068    0000000c                   : BIOS.obj (.text:ti_sysbios_family_arm_m3_TaskSupport_checkStack__E)
                  0001c074    00000004     --HOLE-- [fill = 0]
                  0001c078    0000000c                   : BIOS.obj (.text:ti_sysbios_gates_GateHwi_enter__E)
                  0001c084    0000000c     empty_pem4f.oem4f (.text:ti_sysbios_knl_Queue_Object__get__S)
                  0001c090    0000000c     driverlib.lib : udma.obj (.text:uDMAControlBaseSet)
                  0001c09c    0000000c     ti.targets.arm.rtsarm.aem4f : Error.oem4f (.text:xdc_runtime_Error_init__E)
                  0001c0a8    0000000c                                 : Gate.oem4f (.text:xdc_runtime_Gate_enterSystem__E)
                  0001c0b4    0000000c                                 : Memory.oem4f (.text:xdc_runtime_Memory_calloc__E)
                  0001c0c0    0000000c                                 : Memory.oem4f (.text:xdc_runtime_Memory_getMaxDefaultTypeAlign__E)
                  0001c0cc    0000000a     Kentec320x240x16_ssd2119_spi.obj (.text:Kentec320x240x16_SSD2119Flush)
                  0001c0d6    0000000a     driverlib.lib : ssi.obj (.text:SSIDataPut)
                  0001c0e0    0000000a                   : ssi.obj (.text:SSIEnable)
                  0001c0ea    0000000a                   : ssi.obj (.text:SSIIntStatus)
                  0001c0f4    0000000a     empty_pem4f.oem4f (.text:xdc_runtime_IHeap_alloc)
                  0001c0fe    0000000a     empty_pem4f.oem4f (.text:xdc_runtime_IHeap_free)
                  0001c108    00000008     grlib.lib : charmap.obj (.text:GrMapISO8859_1_Unicode)
                  0001c110    00000008     driverlib.lib : ssi.obj (.text:SSIBusy)
                  0001c118    00000008     sysbios.aem4f : BIOS.obj (.text:ti_sysbios_family_arm_lm4_Timer_masterDisable__I)
                  0001c120    00000008                   : BIOS.obj (.text:ti_sysbios_family_arm_m3_Hwi_doSwiRestore__I)
                  0001c128    00000008                   : BIOS.obj (.text:ti_sysbios_family_arm_m3_Hwi_startup__E)
                  0001c130    00000006                   : BIOS.obj (.text:ti_sysbios_family_arm_lm4_TimestampProvider_Module_startup__E)
                  0001c136    00000002     --HOLE-- [fill = 0]
                  0001c138    00000006                   : BIOS.obj (.text:ti_sysbios_family_arm_m3_Hwi_restoreFxn__E)
                  0001c13e    00000002     --HOLE-- [fill = 0]
                  0001c140    00000006                   : BIOS.obj (.text:ti_sysbios_gates_GateHwi_leave__E)
                  0001c146    00000002     --HOLE-- [fill = 0]
                  0001c148    00000006                   : BIOS.obj (.text:ti_sysbios_heaps_HeapMem_isBlocking__E)
                  0001c14e    00000002     --HOLE-- [fill = 0]
                  0001c150    00000006                   : BIOS.obj (.text:ti_sysbios_knl_Queue_Instance_init__E)
                  0001c156    00000002     --HOLE-- [fill = 0]
                  0001c158    00000006                   : BIOS.obj (.text:ti_sysbios_knl_Swi_startup__E)
                  0001c15e    00000006     ti.targets.arm.rtsarm.aem4f : System.oem4f (.text:xdc_runtime_System_Module_startup__E)
                  0001c164    00000004     --HOLE-- [fill = 0]
                  0001c168    00000004     sysbios.aem4f : BIOS.obj (.text:ti_sysbios_family_arm_lm4_Timer_getPeriod__E)
                  0001c16c    00000004     --HOLE-- [fill = 0]
                  0001c170    00000004                   : BIOS.obj (.text:ti_sysbios_gates_GateHwi_query__E)
                  0001c174    00000004     --HOLE-- [fill = 0]
                  0001c178    00000004                   : BIOS.obj (.text:ti_sysbios_gates_GateMutex_query__E)
                  0001c17c    00000004     --HOLE-- [fill = 0]
                  0001c180    00000004                   : BIOS.obj (.text:ti_sysbios_knl_Task_startup__E)
                  0001c184    00000004     --HOLE-- [fill = 0]
                  0001c188    00000002                   : BIOS.obj (.text:ti_sysbios_gates_GateHwi_Instance_init__E)

.cinit     0    0001c190    00000c40     
                  0001c190    00000c06     (.cinit..data.load) [load image, compression = rle]
                  0001cd96    00000002     --HOLE-- [fill = 0]
                  0001cd98    0000000c     (__TI_handler_table)
                  0001cda4    00000004     --HOLE-- [fill = 0]
                  0001cda8    00000008     (.cinit..bss.load) [load image, compression = zero_init]
                  0001cdb0    00000008     (.cinit..vecs.load) [load image, compression = zero_init]
                  0001cdb8    00000018     (__TI_cinit_table)

.init_array 
*          0    00000000    00000000     UNINITIALIZED

.vecs      0    20000000    00000360     UNINITIALIZED
                  20000000    00000360     empty_pem4f.oem4f (.vecs)

.bss       0    20000380    00003930     UNINITIALIZED
                  20000380    00001000     empty_pem4f.oem4f (.bss:taskStackSection)
                  20001380    00001000     empty_pem4f.oem4f (.bss:ti_sysbios_heaps_HeapMem_Instance_State_0_buf__A)
                  20002380    00000400     main.obj (.bss:psDMAControlTable)
                  20002780    00000400     empty_pem4f.oem4f (.bss:ti_uia_loggers_LoggerStopMode_Instance_State_1_packetArray__A)
                  20002b80    00000400     empty_pem4f.oem4f (.bss:ti_uia_loggers_LoggerStopMode_Instance_State_2_packetArray__A)
                  20002f80    00000400     empty_pem4f.oem4f (.bss:xdc_runtime_SysMin_Module_State_0_outbuf__A)
                  20003380    00000360     empty_pem4f.oem4f (.bss:ti_sysbios_family_arm_m3_Hwi_dispatchTable)
                  200036e0    00000020     (.common:g_pui8Dictionary)
                  20003700    00000200     empty_pem4f.oem4f (.bss:ti_uia_loggers_LoggerStopMode_Instance_State_0_packetArray__A)
                  20003900    00000140     grlib.lib : widget.obj (.bss:g_psMQ)
                  20003a40    00000120     rtsv7M4_T_le_v4SPD16_eabi.lib : trgmsg.obj (.bss:__CIOBUF_)
                  20003b60    00000010     (.common:g_pi16Samples)
                  20003b70    00000008     (.common:parmbuf)
                  20003b78    00000004     (.common:g_pfnTSHandler)
                  20003b7c    00000004     (.common:g_pi32ParmSet)
                  20003b80    00000030     empty_pem4f.oem4f (.bss:ti_uia_loggers_LoggerStopMode_Instance_State_0_hdr__A)
                  20003bb0    00000004     (.common:g_psGrLibDefaults)
                  20003bb4    00000004     (.common:g_ui32Panel)
                  20003bb8    00000004     (.common:g_ui32SysClock)
                  20003bbc    00000004     (.common:g_ui32TSState)
                  20003bc0    00000002     (.common:g_i16TouchX)
                  20003bc2    00000002     (.common:g_i16TouchY)
                  20003bc4    0000003c     --HOLE--
                  20003c00    00000030     empty_pem4f.oem4f (.bss:ti_uia_loggers_LoggerStopMode_Instance_State_1_hdr__A)
                  20003c30    00000050     --HOLE--
                  20003c80    00000030     empty_pem4f.oem4f (.bss:ti_uia_loggers_LoggerStopMode_Instance_State_2_hdr__A)

.data      0    20003cb0    00001170     UNINITIALIZED
                  20003cb0    000001e0     main.obj (.data:g_psPushButtonsCalibrate)
                  20003e90    00000190     main.obj (.data:g_psPushButtonsWatering)
                  20004020    00000188     empty_pem4f.oem4f (.data)
                  200041a8    00000140     main.obj (.data:g_psPlantCalibrateIcons)
                  200042e8    00000140     main.obj (.data:g_psPlantIcons)
                  20004428    00000140     main.obj (.data:g_psPlantIrrigateIcons)
                  20004568    00000140     main.obj (.data:g_psWateringIndicators)
                  200046a8    00000100     main.obj (.data:g_psCalibrationIndicators)
                  200047a8    000000c0     main.obj (.data:g_psPanels)
                  20004868    0000009c     empty_pem4f.oem4f (.data:ti_uia_loggers_LoggerStopMode_Object__table__V)
                  20004904    00000098     empty_pem4f.oem4f (.data:ti_sysbios_knl_Task_Object__table__V)
                  2000499c    00000098     empty_pem4f.oem4f (.data:ti_sysbios_utils_Load_Module__state__V)
                  20004a34    00000080     empty_pem4f.oem4f (.data:ti_sysbios_family_arm_lm4_Timer_Object__table__V)
                  20004ab4    00000080     empty_pem4f.oem4f (.data:ti_sysbios_knl_Swi_Module_State_0_readyQ__A)
                  20004b34    00000080     empty_pem4f.oem4f (.data:ti_sysbios_knl_Task_Module_State_0_readyQ__A)
                  20004bb4    0000005c     main.obj (.data:g_psWateringSliders)
                  20004c10    00000048     empty_pem4f.oem4f (.data:ti_sysbios_family_arm_m3_Hwi_Object__table__V)
                  20004c58    00000044     empty_pem4f.oem4f (.data:ti_sysbios_knl_Task_Module__state__V)
                  20004c9c    00000040     empty_pem4f.oem4f (.data:ti_sysbios_family_arm_lm4_Timer_Module_State_0_device__A)
                  20004cdc    00000038     empty_pem4f.oem4f (.data:ti_sysbios_gates_GateMutex_Object__table__V)
                  20004d14    00000034     empty_pem4f.oem4f (.data:ti_sysbios_family_arm_m3_Hwi_Module__state__V)
                  20004d48    00000030     empty_pem4f.oem4f (.data:ti_sysbios_knl_Swi_Object__table__V)
                  20004d78    0000002d     grlib.lib : widget.obj (.data)
                  20004da5    00000003     --HOLE--
                  20004da8    0000002c     empty_pem4f.oem4f (.data:ti_sysbios_knl_Clock_Module__state__V)
                  20004dd4    00000024     empty_pem4f.oem4f (.data:ti_sysbios_BIOS_Module__state__V)
                  20004df8    00000008     Kentec320x240x16_ssd2119_spi.obj (.data)
                  20004e00    00000008     rtsv7M4_T_le_v4SPD16_eabi.lib : _lock.obj (.data)
                  20004e08    00000008                                   : exit.obj (.data)
                  20004e10    00000008     ti.uia.runtime.aem4f : QueueDescriptor.oem4f (.data)
                  20004e18    00000004     Kentec320x240x16_touch_tm4c1294xl.obj (.data)
                  20004e1c    00000004     rtsv7M4_T_le_v4SPD16_eabi.lib : stkdepth_vars.obj (.data)

.stack     0    20004e20    00000300     UNINITIALIZED
                  20004e20    00000300     --HOLE--

.bootVecs 
*          0    00000000    00000008     DSECT
                  00000000    00000008     boot.aem4f : boot.oem4f (.bootVecs)

xdc.meta   0    00000000    000000f2     COPY SECTION
                  00000000    000000f2     empty_pem4f.oem4f (xdc.meta)

.TI.noinit 
*          0    20000380    00000000     UNINITIALIZED

.TI.persistent 
*          0    20003cb0    00000000     UNINITIALIZED


LINKER GENERATED COPY TABLES

__TI_cinit_table @ 0001cdb8 records: 3, size/record: 8, table size: 24
	.data: load addr=0001c190, load size=00000c06 bytes, run addr=20003cb0, run size=00001170 bytes, compression=rle
	.bss: load addr=0001cda8, load size=00000008 bytes, run addr=20000380, run size=00003930 bytes, compression=zero_init
	.vecs: load addr=0001cdb0, load size=00000008 bytes, run addr=20000000, run size=00000360 bytes, compression=zero_init


LINKER GENERATED HANDLER TABLE

__TI_handler_table @ 0001cd98 records: 3, size/record: 4, table size: 12
	index: 0, handler: __TI_decompress_rle24
	index: 1, handler: __TI_decompress_none
	index: 2, handler: __TI_zero_init


GLOBAL SYMBOLS: SORTED ALPHABETICALLY BY Name 

address   name                                                                 
-------   ----                                                                 
0001bdf5  ADCHardwareOversampleConfigure                                       
0001be65  ADCIntEnable                                                         
[...]
0001b9a5  WidgetPointerMessage                                                 
0001b9e1  ti_sysbios_gates_GateMutex_Instance_init__E                          
0001b9fd  ti_sysbios_knl_Queue_Object__destruct__S                             
0001ba19  ti_sysbios_knl_Task_enter__I                                         
0001ba35  ti_uia_loggers_LoggerStopMode_Instance_init__E                       
0001ba51  xdc_runtime_Error_raiseX__E                                          
0001ba6d  xdc_runtime_Memory_valloc__E                                         
0001ba89  xdc_runtime_SysMin_exit__E                                           
0001ba89  xdc_runtime_System_SupportProxy_exit__E                              
0001baa5  xdc_runtime_System_abort__E                                          
0001bac1  ti_sysbios_family_arm_m3_Hwi_Handle__label__S                        
0001bac1  ti_sysbios_hal_Hwi_HwiProxy_Handle__label__S                         
0001badb  ti_sysbios_gates_GateHwi_Handle__label__S                            
0001badb  xdc_runtime_Main_Module_GateProxy_Handle__label__S                   
0001badb  xdc_runtime_System_Module_GateProxy_Handle__label__S                 
0001baf5  ti_sysbios_BIOS_RtsGateProxy_Handle__label__S                        
0001baf5  ti_sysbios_gates_GateMutex_Handle__label__S                          
0001baf5  ti_sysbios_heaps_HeapMem_Module_GateProxy_Handle__label__S           
0001bb0f  ti_sysbios_heaps_HeapMem_Handle__label__S                            
0001bb0f  xdc_runtime_Memory_HeapProxy_Handle__label__S                        
0001bb29  ti_sysbios_knl_Swi_Handle__label__S                                  
0001bb43  ti_sysbios_knl_Task_Handle__label__S                                 
0001bb61  ti_sysbios_knl_Task_sleepTimeout__I                                  
0001bb7b  ti_uia_loggers_LoggerStopMode_Handle__label__S                       
0001bb95  xdc_runtime_System_aprintf__E                                        
0001bbaf  xdc_runtime_System_printf__E                                         
0001bbc9  GPIOPinTypeGPIOOutput                                                
0001bbe1  _args_main                                                           
0001bbf9  ti_sysbios_BIOS_rtsUnlock__I                                         
0001bc11  ti_sysbios_family_arm_lm4_Timer_Module__startupDone__F               
0001bc11  ti_sysbios_family_arm_lm4_Timer_Module__startupDone__S               
0001bc11  ti_sysbios_knl_Clock_TimerProxy_Module__startupDone__S               
0001bc29  ti_sysbios_family_arm_m3_Hwi_Module__startupDone__F                  
0001bc29  ti_sysbios_family_arm_m3_Hwi_Module__startupDone__S                  
0001bc29  ti_sysbios_hal_Hwi_HwiProxy_Module__startupDone__S                   
0001bc41  ti_sysbios_family_arm_m3_TaskSupport_swap__E                         
0001bc41  ti_sysbios_knl_Task_SupportProxy_swap__E                             
0001bc4d  ti_sysbios_knl_Task_swapReturn                                       
0001bc59  ti_sysbios_gates_GateMutex_leave__E                                  
0001bc71  xdc_runtime_Error_check__E                                           
0001bc89  xdc_runtime_System_exit__E                                           
0001bca1  xdc_runtime_Text_ropeText__E                                         
0001bcb9  GrStringDraw                                                         
0001bccf  ti_sysbios_BIOS_exitFunc__I                                          
0001bce5  ti_uia_loggers_LoggerStopMode_disable__E                             
0001bcfb  ti_uia_loggers_LoggerStopMode_enable__E                              
0001bd11  update_LCD                                                           
0001bd27  CanvasMsgProc                                                        
0001bd3d  TouchScreenCallbackSet                                               
0001bd51  WidgetMutexGet                                                       
0001bd65  _register_unlock                                                     
0001bd6b  _register_lock                                                       
0001bd73  _nop                                                                 
0001bd79  strcpy                                                               
0001bd8d  strlen                                                               
0001bda1  ti_sysbios_family_arm_m3_Hwi_Object__get__S                          
0001bdb9  ti_sysbios_family_arm_m3_Hwi_switchFromBootStack__E                  
0001bdb9  ti_sysbios_hal_Hwi_HwiProxy_switchFromBootStack__E                   
0001bdcd  ti_sysbios_heaps_HeapMem_Object__get__S                              
0001bde1  ti_sysbios_knl_Swi_Object__get__S                                    
0001bdf5  ADCHardwareOversampleConfigure                                       
0001be07  GPIOPinTypeSSI                                                       
0001be19  TimerLoadSet                                                         
0001be2b  __TI_decompress_rle24                                                
0001be31  ti_sysbios_hal_Hwi_Module_startup__E                                 
0001be43  xdc_runtime_Startup_exec__I                                          
0001be55  ti_catalog_arm_cortexm4_tiva_ce_Boot_init__I                         
0001be65  ADCIntEnable                                                         
0001be75  FPUEnable                                                            
0001be85  FPULazyStackingEnable                                                
0001be99  ti_sysbios_BIOS_getCpuFreq__E                                        
0001be99  ti_sysbios_family_arm_lm4_TimestampProvider_getFreq__E               
0001be99  xdc_runtime_Timestamp_SupportProxy_getFreq__E                        
0001bea9  ti_sysbios_BIOS_setThreadType__E                                     
0001beb9  ti_sysbios_BIOS_start__E                                             
0001bec9  ti_sysbios_family_arm_lm4_TimestampProvider_rolloverFunc__E          
0001bed9  ti_sysbios_family_arm_m3_TaskSupport_glue                            
0001bee9  ti_sysbios_gates_GateMutex_Instance_finalize__E                      
0001bef9  ti_sysbios_knl_Semaphore_Instance_finalize__E                        
0001bf09  ti_sysbios_knl_Swi_disable__E                                        
0001bf19  ti_sysbios_knl_Task_Object__get__S                                   
0001bf29  ti_sysbios_knl_Task_disable__E                                       
0001bf39  ti_uia_loggers_LoggerStopMode_Object__get__S                         
0001bf49  ti_uia_loggers_LoggerStopMode_isEmpty__E                             
0001bf59  uDMAEnable                                                           
0001bf69  xdc_runtime_Gate_leaveSystem__E                                      
0001bf79  xdc_runtime_Memory_free__E                                           
0001bf89  xdc_runtime_SysMin_ready__E                                          
0001bf89  xdc_runtime_System_SupportProxy_ready__E                             
0001bf99  xdc_runtime_System_vsnprintf__E                                      
0001bfa9  xdc_runtime_Text_visitRope__I                                        
0001bfb9  ADCSequenceEnable                                                    
0001bfc7  GrImageDraw                                                          
0001bfd5  TimerEnable                                                          
0001bfe3  __TI_decompress_none                                                 
0001bff1  ti_sysbios_knl_Idle_loop__E                                          
0001c001  ti_sysbios_knl_Queue_empty__E                                        
0001c00f  __TI_zero_init                                                       
0001c01b  main                                                                 
0001c029  ti_sysbios_family_arm_lm4_Timer_getMaxTicks__E                       
0001c039  ti_sysbios_family_arm_lm4_TimestampProvider_startTimer__E            
0001c049  ti_sysbios_family_arm_m3_Hwi_disableFxn__E                           
0001c049  ti_sysbios_hal_Hwi_HwiProxy_disable__E                               
0001c059  ti_sysbios_family_arm_m3_Hwi_enableFxn__E                            
0001c059  ti_sysbios_hal_Hwi_HwiProxy_enable__E                                
0001c069  ti_sysbios_family_arm_m3_TaskSupport_checkStack__E                   
0001c069  ti_sysbios_knl_Task_SupportProxy_checkStack__E                       
0001c079  ti_sysbios_gates_GateHwi_enter__E                                    
0001c085  ti_sysbios_knl_Queue_Object__get__S                                  
0001c091  uDMAControlBaseSet                                                   
0001c09d  xdc_runtime_Error_init__E                                            
0001c0a9  xdc_runtime_Gate_enterSystem__E                                      
0001c0b5  xdc_runtime_Memory_calloc__E                                         
0001c0c1  xdc_runtime_Memory_getMaxDefaultTypeAlign__E                         
0001c0d7  SSIDataPut                                                           
0001c0e1  SSIEnable                                                            
0001c0eb  SSIIntStatus                                                         
0001c0f5  xdc_runtime_Memory_HeapProxy_alloc__E                                
0001c0ff  xdc_runtime_Memory_HeapProxy_free__E                                 
0001c109  GrMapISO8859_1_Unicode                                               
0001c111  SSIBusy                                                              
0001c119  ti_sysbios_family_arm_lm4_Timer_masterDisable__I                     
0001c121  ti_sysbios_family_arm_m3_Hwi_doSwiRestore__I                         
0001c129  ti_sysbios_family_arm_m3_Hwi_startup__E                              
0001c129  ti_sysbios_hal_Hwi_HwiProxy_startup__E                               
0001c131  ti_sysbios_family_arm_lm4_TimestampProvider_Module_startup__E        
0001c139  ti_sysbios_family_arm_m3_Hwi_restoreFxn__E                           
0001c139  ti_sysbios_hal_Hwi_HwiProxy_restore__E                               
0001c141  ti_sysbios_gates_GateHwi_leave__E                                    
0001c149  ti_sysbios_heaps_HeapMem_isBlocking__E                               
0001c151  ti_sysbios_knl_Queue_Instance_init__E                                
0001c159  ti_sysbios_knl_Swi_startup__E                                        
0001c15f  xdc_runtime_System_Module_startup__E                                 
0001c169  ti_sysbios_family_arm_lm4_Timer_getPeriod__E                         
0001c171  ti_sysbios_gates_GateHwi_query__E                                    
0001c171  xdc_runtime_Main_Module_GateProxy_query__E                           
0001c171  xdc_runtime_System_Module_GateProxy_query__E                         
0001c179  ti_sysbios_BIOS_RtsGateProxy_query__E                                
0001c179  ti_sysbios_gates_GateMutex_query__E                                  
0001c179  ti_sysbios_heaps_HeapMem_Module_GateProxy_query__E                   
0001c181  ti_sysbios_knl_Task_startup__E                                       
0001c189  ti_sysbios_gates_GateHwi_Instance_init__E                            
0001c190  __TI_static_base__                                                   
0001cd98  __TI_Handler_Table_Base                                              
0001cda4  __TI_Handler_Table_Limit                                             
0001cdb8  __TI_CINIT_Base                                                      
0001cdd0  __TI_CINIT_Limit                                                     
20000000  ti_sysbios_family_arm_m3_Hwi_ramVectors                              
20000380  ti_sysbios_knl_Task_Instance_State_0_stack__A                        
20000b80  ti_sysbios_knl_Task_Instance_State_1_stack__A                        
20001380  ti_sysbios_heaps_HeapMem_Instance_State_0_buf__A                     
20002380  psDMAControlTable                                                    
20002780  ti_uia_loggers_LoggerStopMode_Instance_State_1_packetArray__A        
20002b80  ti_uia_loggers_LoggerStopMode_Instance_State_2_packetArray__A        
20002f80  xdc_runtime_SysMin_Module_State_0_outbuf__A                          
20003380  ti_sysbios_family_arm_m3_Hwi_dispatchTable                           
20003700  ti_uia_loggers_LoggerStopMode_Instance_State_0_packetArray__A        
20003a40  __CIOBUF_                                                            
20003b7c  g_pi32ParmSet                                                        
20003b80  ti_uia_loggers_LoggerStopMode_Instance_State_0_hdr__A                
20003bb4  g_ui32Panel                                                          
20003bb8  g_ui32SysClock                                                       
20003bc0  g_i16TouchX                                                          
20003bc2  g_i16TouchY                                                          
20003c00  ti_uia_loggers_LoggerStopMode_Instance_State_1_hdr__A                
20003c80  ti_uia_loggers_LoggerStopMode_Instance_State_2_hdr__A                
20003cb0  g_psPushButtonsCalibrate                                             
20003e90  g_psPushButtonsWatering                                              
20004020  xdc_runtime_Diags_dictElems                                          
20004040  ti_sysbios_family_arm_lm4_Timer_Module__root__V                      
20004048  ti_sysbios_family_arm_lm4_Timer_Module_State_0_handles__A            
20004068  ti_sysbios_family_arm_lm4_Timer_Module__state__V                     
20004074  ti_sysbios_family_arm_lm4_TimestampProvider_Module__state__V         
2000407c  ti_sysbios_family_arm_m3_Hwi_Module__root__V                         
20004084  ti_sysbios_family_arm_m3_Hwi_Module_State_0_excActive__A             
20004088  ti_sysbios_family_arm_m3_Hwi_Module_State_0_excContext__A            
2000408c  ti_sysbios_family_arm_m3_Hwi_Module_State_0_excStack__A              
20004090  ti_sysbios_gates_GateHwi_Module__root__V                             
20004098  ti_sysbios_gates_GateHwi_Object__table__V                            
2000409c  ti_sysbios_gates_GateMutex_Module__root__V                           
200040a4  ti_sysbios_hal_Hwi_Module__root__V                                   
200040ac  ti_sysbios_hal_Hwi_Object__table__V                                  
200040b4  ti_sysbios_heaps_HeapMem_Module__root__V                             
200040bc  ti_sysbios_heaps_HeapMem_Object__table__V                            
200040d4  ti_sysbios_knl_Clock_Module__root__V                                 
200040dc  ti_sysbios_knl_Event_Module__root__V                                 
200040e8  ti_sysbios_knl_Queue_Module__root__V                                 
200040f0  ti_sysbios_knl_Semaphore_Module__root__V                             
200040f8  ti_sysbios_knl_Swi_Module__root__V                                   
20004100  ti_sysbios_knl_Swi_Module__state__V                                  
2000411c  ti_sysbios_knl_Task_Module__root__V                                  
20004128  ti_sysbios_knl_Task_Module_State_0_idleTask__A                       
2000412c  ti_sysbios_utils_Load_Module_State_0_taskStartTime__A                
20004130  ti_sysbios_utils_Load_Module_State_0_runningTask__A                  
20004134  ti_uia_loggers_LoggerStopMode_Module__root__V                        
2000413c  ti_uia_loggers_LoggerStopMode_Module__state__V                       
20004144  ti_uia_runtime_QueueDescriptor_Module__state__V                      
20004150  xdc_runtime_Error_Module__state__V                                   
20004152  xdc_runtime_Main_Module__root__V                                     
20004154  xdc_runtime_Memory_Module__state__V                                  
20004158  xdc_runtime_Registry_Module__state__V                                
20004160  xdc_runtime_Startup_Module__state__V                                 
20004168  xdc_runtime_SysMin_Module__state__V                                  
20004174  xdc_runtime_System_Module_State_0_atexitHandlers__A                  
20004194  xdc_runtime_System_Module__state__V                                  
2000419c  xdc_runtime_Text_Module__state__V                                    
200041a4  __xdc__init__addr                                                    
200041a8  g_psPlantCalibrateIcons                                              
200042e8  g_psPlantIcons                                                       
20004428  g_psPlantIrrigateIcons                                               
20004568  g_psWateringIndicators                                               
200046a8  g_psCalibrationIndicators                                            
200047a8  g_psPanels                                                           
20004868  ti_uia_loggers_LoggerStopMode_Object__table__V                       
20004904  ti_sysbios_knl_Task_Object__table__V                                 
20004950  TSK_idle                                                             
2000499c  ti_sysbios_utils_Load_Module__state__V                               
20004a34  ti_sysbios_family_arm_lm4_Timer_Object__table__V                     
20004ab4  ti_sysbios_knl_Swi_Module_State_0_readyQ__A                          
20004b34  ti_sysbios_knl_Task_Module_State_0_readyQ__A                         
20004bb4  g_psWateringSliders                                                  
20004c10  ti_sysbios_family_arm_m3_Hwi_Object__table__V                        
20004c58  ti_sysbios_knl_Task_Module__state__V                                 
20004c9c  ti_sysbios_family_arm_lm4_Timer_Module_State_0_device__A             
20004cdc  ti_sysbios_gates_GateMutex_Object__table__V                          
20004d14  ti_sysbios_family_arm_m3_Hwi_Module__state__V                        
20004d48  ti_sysbios_knl_Swi_Object__table__V                                  
20004d78  g_sRoot                                                              
20004da8  ti_sysbios_knl_Clock_Module__state__V                                
20004dd4  ti_sysbios_BIOS_Module__state__V                                     
20004df8  WriteData                                                            
20004dfc  WriteCommand                                                         
20004e00  _lock                                                                
20004e04  _unlock                                                              
20004e08  __TI_cleanup_ptr                                                     
20004e0c  __TI_dtors_ptr                                                       
20004e10  ti_uia_runtime_QueueDescriptor_gPtrToFirstDescriptor                 
20004e14  ti_uia_runtime_QueueDescriptor_gUpdateCount                          
20004e18  g_i16TouchMin                                                        
20004e1c  main_func_sp                                                         
20004e20  __stack                                                              
20005020  __STACK_TOP                                                          
20005120  __STACK_END                                                          
e000e000  ti_sysbios_family_arm_m3_Hwi_nvic                                    
ffffffff  __binit__                                                            
ffffffff  __c_args__                                                           
ffffffff  binit                                                                
UNDEFED   SHT$$INIT_ARRAY$$Base                                                
UNDEFED   SHT$$INIT_ARRAY$$Limit                                               

[756 symbols]
